Rr, Rr, Ch, Rr, Xos, Rr, Xos, Rr, Rr, Rr, Rr, Rr, Xos, Xos, Rr, Rr, Xos, Xos, Wot, Wot, Wot, Wot, Rr, Rr, Rrc, Rrc, Xoc, Rrc, Rrc, Rr, Rrc, Rrc, Rr, Rr
Ch, 2 Kud, Ch, Rr, Xos, Rr, Xos, Rr, Rr, Rr, Xos, Xos, Rr, Rr, Xos, Xos, Wot, Wot, Wot, Wot, Rr, Rr, Rrc, Rrc, Xoc, Xoc, Xoc, Xoc, Rrc, Rrc, Rrc, Rr, Rr, Rr
Rr, Ch, Rr, Rr, Xos, Rr, Rr, Rr, Xos, Xos, Rr, Rr, Xos, Xos, Wot, Wot, Wot, Wot, Rr, Rr, Rrc, Rrc, Xoc, Xoc, Xoc, Xoc, Rrc, Rrc, Xoc, Xoc, Xoc, Rrc, Rrc^Br/, Rrc^Br/
Xos, Xos, Xos, Rr, Rr, Rr, Xos, Xos, Rr, Rr, Rr, Xos, Wot, Wot, Wot, Wot, Rr, Rr, Rrc, Rrc, Xoc, Rrc, Rrc, Xoc, Rrc, Rrc, Xoc, Xoc, Xoc, Xoc, Rrc^Br/, Rrc^Br/, Xoc, Rrc
Rr, Rr, Rr, Rr, Rr, Rr, Rr, Rr, Xos, Xos, Wot, Rr^Bw\, Wot^Bw\, Wot, Rr, Rr, Rrc, Rrc, Xoc, Xoc, Xoc, Xoc, Rrc, Rrc, Rrc, Xoc, Xoc, Xoc, Rrc^Br/, Rrc^Br/, Xoc, Xoc, Xoc, Xoc
Rr, Rr, Xos, Rr, Rr, Rr, Xos, Xos, Wot, Wot, Wot, Wot, Rrc, Rrc^Br\, Rrc^Br\, Rrc, Xoc, Xoc, Xoc, Xoc, Rrc, Rrc, Xoc, Xoc, Xoc, Rrc, Rrc^Br/, Rrc^Br/, Xoc, Xoc, Xoc, Xoc, Rrc, Rrc
Xos, Xos, Rr, Rr, Xos, Xos, Wot, Wot, Wot, Wot, Rr, Rr, Rr^Br/, Rrc^Br/, Rrc, Rrc^Br\, Rrc^Br\, Xoc, Rrc, Rrc, Xoc, Xoc, Xoc, Xoc, Rrc^Br/, Rrc^Br/, Xoc, Rrc, Rrc, Xoc, Rrc, Rrc, Xoc, Xoc
Rr, Rr, Xos, Xos, Wot, Wot, Wot, Wot, Rr, Rr, Rr^Br/, Rr^Br/, Rrc, Rr, Rr, Rrc, Rrc, Rrc^Br\, Rrc^Br\, Xoc, Xoc, Xoc, Rrc^Br/, Rrc^Br/, Xoc, Xoc, Xoc, Xoc, Rrc, Rrc, Rrc, Xoc, Xoc, Xoc
Xos, Xos, Wot, Wot, Wot, Wot, Rr, Rr, Rr^Br/, Rr^Br/, Rrc, Rrc, Ch, Rrc, Rrc, Rr, Rrc, Rrc, Rrc, Rrc^Br\, Rrc^Br\, Rrc^Br/, Xoc, Xoc, Xoc, Xoc, Rrc, Rrc, Xoc, Xoc, Xoc, Rrc, Rrc, Rrc
Wot, Wot, Wot, Wot, Rrc, Rr, Rr^Br/, Rr^Br/, Rrc, Rrc, Ch, Ch, Rr, Ch, Ch, Rrc, Rrc, Rr, Rr, Rrc, Rrc, Rrc^Br\, Rrc^Br\, Xoc, Rrc, Rrc, Xoc, Xoc, Xoc, Xoc, Rrc, Rrc, Rr, Rr
Wot, Wot, Rrc, Rrc, Rr^Br/, Rr^Br/, Rrc, Rrc, Ch, Ch, Rr, Ch, Kh, Ch, Rr, Ch, Ch, Rrc, Rrc, Rr, Rr, Rrc, Rrc, Rrc^Br\, Rrc^Br\, Xoc, Xoc, Xoc, Rrc, Rrc, Rr, Rr, Rr, Rr
Rrc, Rrc, Rr^Br/, Rr^Br/, Ch, Rrc, Rr, Rrc, Rrc, Ch, Ch, Ch, Rr, Ch, Ch, Ch, Rrc, Rrc, Rr, Rr, Rr, Rr, Rr, Rrc, Rrc, Rrc^Br\, Rrc^Br\, Rrc, Rr, Rr, Rr, Rr, Rr, Rr
Rr^Br/, Rr^Br/, Ch, Ch, Kh, Rr, Rr^Wm, Rr, Rr, Rrc, Rrc, Ch, Ch, Ch, Rrc, Rrc, Rr, Rr, Rr, Rr^Wm, Rr, Rr, Rr, Rr, Rr, Rrc, Rrc, Rrc^Br\, Rrc^Br\, Rr, Rr, Rr, Rr, Rr
Rr, Rrc, Rr, Rr, Rr, Rr, Rr, Rr, Rr^Wm, Rr, Rr, Rrc, Rrc, Rrc, Rr, Rr, Rr, Rr^Wm, Rr, Rr, Rr, Rr^Wm, Rr, Rr, Rr, Rr, Rr, Rrc, Rrc, Rrc^Br\, 1 Rrc^Br\, Rr, Rr, Rr
Rr, Rr, Rr, Rr, Rr, Rr, Rr, Rr, Rr, Rr, Rr, Rr, Rr, Rr, Rr, Rr, Rr, Rr, Rr, Rr^Wm, Rr, Rr, Rr, Rr, Rr, Rr, Rr, Rr, Rr, Rrc, Rrc, Rrc^Br\, Rrc^Br\, Rr
