Hh, Hh, Hh, Hh, Hh, Hh, Hh, Gg, Gg, Gg, Gg, Gg, Gg, Gg, Gg, Gg, Gg, Gg, Gg, Gg, Gg, Gg, Gg, Gg, Gg, Gg, Gg, Gg, Gg, Gg, Gg, Gg, Gg, Rp, Rp, Gg, Gg, Gg, Gg, Gg, Gg^Efm, Gg, Gg^Efm, Gg, Gg, Gg, Gg, Gg, Gg, Gg, Gg, Gg, Gg, Gg, Gg, Gg, Gg, Gg, Gg, Gg, Gg, Gg, Gg, Gg, Gg, Gg, Gg, Gg, Gg, Gg, Gg, Gg, Gg, Gg
Hh, Hh, Hh, Hh, Hh, Hh, Hh, Hh, Hh, Gg, Gg, Gg, Gg, Gg, Gg, Gg, Gg, Gg, Gg, Gg, Gg, Gg, Gg, Gg, Gg, Gg, Gg, Gg, Gg, Gg, Gg, Gg, Gg, Rp, Rp, Gg, Gg, Gg, Gg, Gg^Efm, Gg^Efm, Gg^Efm, Gg^Efm, Gg^Efm, Gg, Gg, Gg, Gg, Gg, Gg, Gg, Gg, Gg, Gg, Gg, Gg, Gg, Gg, Ce, Ket, Ce, Gg, Gg, Gg, Gg, Gg, Gg, Gg, Gg, Gg, Gg, Gg, Gg, Gg
Hh, Hh, Hh, Hh, Hh, Hh, Hh, Hh, Hh, Hh, Gg, Gg, Gg, Gg, Gg, Gg, Gg, Gg, Gg, Gg, Gg, Gg, Gg, Gg, Gg, Gg, Gg, Gg, Gg, Gg, Gg, Gg, Gg, Rp, Rp, Gg, Gg, Gg, Gg^Efm, Gg^Efm, Gg^Efm, Gg^Efm, Gg^Efm, Gg^Efm, Gg, Gg, Gg, Gg, Gg, Gg, Gg, Gg, Gg, Gg, Gg, Gg, Ce, Ce, Rrc, Re^Vct, Re^Vct, Ce, Ce, Gg, Gg, Gg, Gg, Gg, Gg, Gg, Gg, Gg, Gg, Gg
Hh, Hh, Hh, Hh, Hh, Hh, Hh, Hh, Hh, Hh, Hh, Gg, Gg, Gg, Gg, Gg, Gg, Gg, Gg, Gg, Gg, Gg, Gg, Gg, Gg, Gg, Gg, Gg, Gg, Gg, Gg, Gg, Gg, Rp, Rp, Gg, Gg, Gg, Gg^Efm, Gg^Efm, Gg^Efm, Gg^Efm, Gg^Efm, Gg^Efm, Gg, Gg, Gg, Gg, Gg, Gg, Gg, Gg, Gg, Gg, Ce, Ket, Rr^Cov, Rrc, Rrc, Rrc, Rrc, Re^Vct, Re^Vct, Ket, Ce, Gg, Gg, Gg, Gg, Gg, Gg, Gg, Gg, Gg
Hh, Hh, Hh, Hh, Hh, Hh, Hh, Hh, Hh, Hh, Hh, Gg, Gg, Gg, Gg, Gg, Gg, Gg, Gg, Gg, Gg, Gg, Gg, Gg, Gg, Gg, Gg, Gg, Gg, Gg, Gg, Gg, Gg, Rp, Rp, Gg, Gg, Gg^Efm, Gg^Efm, Gg^Efm, Gg^Efm, Gg^Efm, Gg^Efm, Gg^Efm, Gg, Gg, Gg, Gg, Gg, Gg, Gg, Gg, Ce, Ce, Rr^Cov, Rr^Cov, Rr^Cov, Rr^Cov, Rr^Cov, Rrc, Rrc, Rrc, Rrc, Re^Vct, Re^Vct, Ce, Ce, Gg, Gg, Gg, Gg, Gg, Gg, Gg
Hh, Hh, Hh, Hh, Hh, Hh, Hh, Hh, Hh, Hh, Hh, Hh, Gg, Gg, Gg, Gg, Gg, Gg, Gg, Gg, Gg, Gg, Gg, Gg, Gg, Gg, Gg, Gg, Gg, Gg, Gg, Gg, Gg, Rp, Rp, Gg, Gg, Gg^Efm, Gg^Efm, Gg^Efm, Gg^Efm, Gg^Efm, Gg^Efm, Gg, Gg, Gg, Gg, Gg, Gg, Gg, Ce, Ce, Ket, Ket, Ket, Rr^Cov, Rr^Cov, Rr^Cov, Rr^Cov, Rr^Cov, Re, Rrc, Rrc, Rrc, Rrc, Rr^Cov, Rr^Cov, Ket, Ce, Gg, Gg, Gg, Gg, Gg
Hh, Hh, Hh, Hh, Hh, Hh, Hh, Hh, Hh, Hh, Hh, Hh, Hh, Gg, Gg, Gg, Gg, Gg, Gg, Gg, Gg, Gg, Gg, Gg, Gg, Gg, Gg, Gg, Gg, Gg, Gg, Gg, Gg, Rp, Rp, Gg, Gg, Gg^Efm, Gg^Efm, Gg^Efm, Gg^Efm, Gg^Efm, Gg^Efm, Gg, Gg, Gg, Gg, Gg, Gg, Ket, Ce, Ce, Ket, 1 Ke, Ket, Ce, Re^Vct, Rr^Cov, Re^Vct, Re^Vct, Re^Vct, Re, Re, Rrc, Rrc, Rrc, Rrc, Rr^Cov, Rr^Cov, Ce, Ce, Gg, Gg, Gg
Hh, Hh, Hh, Hh, Hh, Hh, Hh, Hh, Hh, Hh, Hh, Hh, Hh, Hh, Gg, Gg, Gg, Gg, Gg, Gg, Gg, Gg, Gg, Gg, Gg, Gg, Gg, Gg, Gg, Gg, Gg, Gg, Rp, Rp, Rp, Gg, Gg, Gg^Efm, Gg^Efm, Gg^Efm, Gg^Efm, Gg^Efm, Gg, Gg, Gg, Gg, Gg, Gg, Gg, Gg, Gg, Ce, Ce, Ket, Re^Vct, Re^Vct, Re^Vct, Re^Vct, Re^Vct, Re^Vct, Re, Re, Re^Vct, Re, Re, Rrc, Rrc, Rrc, Rrc, Rr^Cov, Rr^Cov, Ket, Ket, Gg
Hh, Hh, Hh, Hh, Hh, Hh, Hh, Hh, Hh, Hh, Hh, Hh, Hh, Hh, Hh, Gg, Gg, Gg, Gg, Gg, Gg, Gg, Gg, Gg, Gg, Gg, Gg, Gg, Gg, Gg, Gg, Gg, Rp, Rp, Gg, Gg, Gg, Gg^Efm, Gg^Efm, Gg^Efm, Gg^Efm, Gg^Efm, Gg, Gg, Gg, Gg, Gg, Gg, Gg, Gg, Gg, Gg, Gg, Ce, Ce, Re^Vct, Re, Re^Vct, Re, Re, Re^Vct, Re^Vct, Re^Vct, Re^Vct, Rr^Cov, Rr^Cov, Rr^Cov, Rrc, Rrc, Rrc, Ce, Ce, Gg, Gg
Hh, Hh, Hh, Hh, Hh, Hh, Hh, Hh, Hh, Hh, Hh, Hh, Hh, Hh, Hh, Hh, Gg, Gg, Gg, Gg, Gg, Gg, Gg, Gg, Gg, Gg, Gg, Gg, Gg, Gg, Rp, Rp, Rp, Rp, Gg, Gg, Gg, Gg^Efm, Gg^Efm, Gg^Efm, Gg^Efm, Gg, Gg, Gg, Gg, Gg, Gg, Gg, Gg, Gg, Gg, Gg, Gg, Gg, Gg, Ket, Ket, Re, Re, Re^Vct, Re^Vct, Re^Vct, Re^Vct, Rr^Cov, Rr^Cov, Rr^Cov, Rr^Cov, Rr^Cov, Ket, Ce, Gg, Gg, Gg, Gg
Hh, Hh, Hh, Hh, Hh, Hh, Hh, Hh, Hh, Hh, Hh, Hh, Hh, Hh, Hh, Hh, Hh, Gg, Gg, Gg, Gg, Gg, Gg, Gg, Gg, Gg, Gg, Gg, Gg, Gg, Rp, Rp, Gg, Gg, Gg, Gg, Gg, Gg, Gg, Gg^Efm, Gg, Gg, Gg, Gg, Gg, Gg, Gg, Gg, Gg^Efm, Gg, Gg, Gg, Gg, Gg, Gg, Gg, Gg, Ket, Ce, Re^Vct, Re^Vct, Re^Vct, Re^Vct, Re^Vct, Re^Vct, Rr^Cov, Ce, Ce, Gg, Gg, Gg, Gg, Gg, Gg
Hh, Hh, Hh, Hh, Hh, Hh, Hh, Hh, Hh, Hh, Hh, Hh, Hh, Hh, Hh, Hh, Hh, Hh, Gg, Gg, Gg, Gg, Gg, Gg, Gg, Gg, Gg, Gg, Gg, Gg, Rp, Rp, Gg, Gg, Gg, Gg, Gg, Gg, Gg, Gg, Gg, Gg, Gg, Gg, Gg, Gg, Gg, Gg, Gg^Efm, Gg, Gg, Gg, Gg, Gg, Gg, Gg, Gg, Gg, Gg, Ce, Ce, Re^Vct, Re^Vct, Re^Vct, Ce, Ce, Gg, Gg, Gg, Gg, Gg, Gg, Gg, Gg
Hh, Hh, Hh, Hh, Hh, Hh, Hh, Hh, Hh, Hh, Hh, Hh, Hh, Hh, Hh, Hh, Hh, Hh, Gg, Gg, Gg, Gg, Gg, Gg, Gg, Gg, Gg, Gg, Gg, Rp, Rp, Rp, Gg, Gg, Gg, Gg, Gg, Gg, Gg, Gg, Gg, Gg, Gg, Gg, Gg, Gg, Gg^Efm, Gg, Gg^Efm, Gg, Gg^Efm, Gg, Gg, Gg, Gg, Gg, Gg, Gg, Gg, Gg, Gg, Ce, Ket, Ce, Gg, Gg, Gg, Gg, Gg, Gg, Gg, Gg, Gg, Gg
Hh, Hh, Hh, Hh, Hh, Hh, Hh, Hh, Hh, Hh, Hh, Hh, Hh, Hh, Hh, Hh, Hh, Gg, Gg, Gg, Gg, Gg, Gg, Gg, Gg, Gg, Gg, Gg, Gg, Rp, Rp, Gg, Gg, Gg, Gg, Gg, Gg, Gg, Gg, Gg, Gg, Gg, Gg, Gg, Gg^Efm, Gg^Efm, Gg, Gg^Efm, Gg, Gg^Efm, Gg, Gg^Efm, Gg^Efm, Gg, Gg, Gg, Gg, Gg, Gg, Gg, Gg, Gg, Gg, Gg, Gg, Gg, Gg, Gg, Gg, Gg, Gg, Gg, Gg, Gg
Hh, Hh, Hh, Hh, Hh, Hh, Gg, Hh, Gg, Gg, Gg, Hh, Hh, Hh, Hh, Hh, Hh, Gg, Gg, Gg, Gg, Gg, Gg, Gg, Gg, Gg, Gg, Gg, Rp, Rp, Rp, Gg, Gg, Gg, Gg, Gg, Gg, Gg, Gg, Gg, Gg, Gg, Gg, Gg^Efm, Gg, Gg, Gg^Efm, Gg^Efm, Gg, Gg, Gg, Gg, Gg, Gg^Efm, Gg^Efm, Gg, Gg, Gg, Gg, Gg, Gg^Efm, Gg^Efm, Gg^Efm, Gg, Gg, Gg, Gg, Gg, Gg, Gg, Gg, Gg, Gg, Gg
Hh, Hh, Hh, Hh, Gg, Gg, Gg, Gg, Gg, Gg, Gg, Gg, Gg, Hh, Hh, Hh, Hh, Gg, Gg, Gg, Gg, Gg, Gg, Gg, Gg, Gg, Gg, Gg, Rp, Rp, Gg, Gg, Gg, Gg, Gg, Gg, Gg, Gg, Gg, Gg, Gg, Gg, Gg^Efm, Gg^Efm, Gg, Gg, Gg^Efm, Gg^Efm, Gg^Efm, Gg^Efm, Gg^Efm, Gg, Gg^Efm, Gg, Gg^Efm, Gg, Gg, Gg, Gg^Efm, Gg^Efm, Gg^Efm, Gg^Efm, Gg^Efm, Gg^Efm, Gg^Efm, Gg^Efm, Gg, Gg, Gg, Gg, Gg, Gg, Gg, Gg
Hh, Hh, Hh, Hh, Gg, Gg, Gg, Gg, Gg, Gg, Gg, Gg, Gg, Gg, Gg, Hh, Gg, Gg, Gg, Gg, Gg, Gg, Gg^Efm, Gg, Gg, Gg, Gg, Gg, Rp, Rp, Rp, Gg, Gg, Gg, Gg, Gg, Gg, Gg, Gg, Gg, Gg, Gg, Gg^Efm, Gg, Gg, Gg^Efm, Gg^Efm, Gg^Efm, Gg, Gg, Gg, Gg, Gg, Gg^Efm, Gg^Efm, Gg^Efm, Gg^Efm, Gg^Efm, Gg, Gg^Efm, Gg, Gg, Gg, Gg^Efm, Gg^Efm, Gg^Efm, Gg^Efm, Gg, Gg, Gg, Gg, Gg, Gg, Gg
Hh, Hh, Hh, Hh, Hh, Gg, Gg, Gg, Gg, Gg, Gg, Gg, Gg, Gg, Gg, Gg, Gg, Gg, Gg, Gg, Gg^Efm, Gg^Efm, Gg^Efm, Gg^Efm, Gg, Gg, Gg, Gg, Gg, Rp, Rp, Gg, Gg, Gg, Gg, Gg, Gg, Gg, Gg^Efm, Gg, Gg, Gg, Gg^Efm, Gg, Gg^Efm, Gg^Efm, Gg^Efm, Gg, Gg^Efm, Gg, Gg^Efm, Gg, Gg^Efm, Gg^Efm, Gg^Efm, Gg^Efm, Gg^Efm, Gg^Efm, Gg, Gg, Gg, Gg, Gg^Efm, Gg^Efm, Gg^Efm, Gg^Efm, Gg^Efm, Gg, Gg, Gg, Gg, Gg, Gg, Gg
Hh, Hh, Hh, Hh, Hh, Hh, Hh, Gg, Gg, Gg, Gg, Gg, Gg, Gg, Gg, Gg, Gg, Gg, Gg, Gg, Gg^Efm, Gg^Efm, Gg^Efm, Gg^Efm, Gg^Efm, Gg, Gg, Gg, Gg, Rp, Rp, Gg, Gg, Gg, Gg, Gg, Gg, Gg, Gg, Gg^Efm, Gg^Efm, Gg^Efm, Gg^Efm, Gg^Efm, Gg^Efm, Gg^Efm, Gg, Gg^Efm, Gg, Gg^Efm, Gg, Gg^Efm, Gg^Efm, Gg^Efm, Gg^Efm, Gg^Efm, Gg^Efm, Gg, Gg, Gg, Gg^Efm, Gg^Efm, Gg, Gg^Efm, Gg, Gg^Efm, Gg, Gg^Efm, Gg, Gg, Gg, Gg, Gg, Gg
Hh, Hh, Hh, Hh, Hh, Hh, Hh, Gg, Gg, Gg, Gg, Gg, Gg, Gg, Gg, Gg, Gg, Gg, Gg, Gg^Efm, Gg^Efm, Gg^Efm, Gg^Efm, Gg^Efm, Gg^Efm, Gg^Efm, Gg, Gg, Gg, Rp, Rp, Rp, Gg, Gg, Gg, Gg, Gg, Gg, Gg, Gg, Gg, Gg, Gg^Efm, Gg^Efm, Gg, Gg^Efm, Gg^Efm, Gg, Gg, Gg, Gg^Efm, Gg^Efm, Gg^Efm, Gg^Efm, Gg^Efm, Gg^Efm, Gg^Efm, Gg, Gg^Efm, Gg^Efm, Gg, Gg, Gg, Gg, Gg, Gg^Efm, Gg^Efm, Gg^Efm, Gg, Gg, Gg, Gg, Gg, Gg
Hh, Hh, Hh, Hh, Hh, Hh, Hh, Gg, Gg, Gg, Gg, Gg, Gg, Gg, Gg^Efm, Gg, Gg^Efm, Gg, Gg^Efm, Gg^Efm, Gg^Efm, Gg^Efm, Gg^Efm, Gg^Efm, Gg^Efm, Gg^Efm, Gg, Gg, Gg, Gg, Rp, Rp, Rp, Gg, Gg, Gg, Gg, Gg, Gg, Gg, Gg, Gg, Gg^Efm, Gg^Efm, Gg^Efm, Gg, Gg^Efm, Gg^Efm, Gg^Efm, Gg, Gg^Efm, Gg^Efm, Gg, Gg, Gg^Efm, Gg, Gg^Efm, Gg^Efm, Gg^Efm, Gg^Efm, Gg^Efm, Gg, Gg^Efm, Gg, Gg, Gg^Efm, Gg, Gg^Efm, Gg, Gg, Gg, Gg, Gg, Gg
Hh, Hh, Hh, Hh, Hh, Hh, Hh, Gg, Gg, Gg, Gg, Gg, Gg^Efm, Gg^Efm, Gg^Efm, Gg^Efm, Gg^Efm, Gg^Efm, Gg^Efm, Gg^Efm, Gg^Efm, Gg^Efm, Gg^Efm, Gg^Efm, Gg^Efm, Gg, Gg, Gg, Gg, Gg, Gg, Rp, Rp, Gg, Gg, Gg, Gg, Gg, Gg, Gg, Gg, Gg, Gg^Efm, Gg, Gg, Gg^Efm, Gg^Efm, Gg^Efm, Gg^Efm, Gg^Efm, Gg^Efm, Gg, Gg, Gg^Efm, Gg^Efm, Gg^Efm, Gg^Efm, Gg^Efm, Gg^Efm, Gg, Gg, Gg^Efm, Gg, Gg^Efm, Gg^Efm, Gg^Efm, Gg, Gg^Efm, Gg^Efm, Gg, Gg, Gg, Gg, Gg
Hh, Hh, Hh, Hh, Hh, Hh, Hh, Gg, Gg, Gg, Gg, Gg, Gg^Efm, Gg^Efm, Gg^Efm, Gg^Efm, Gg^Efm, Gg^Efm, Gg^Efm, Gg^Efm, Gg^Efm, Gg^Efm, Gg, Gg^Efm, Gg, Gg, Gg, Gg, Gg, Gs^Vh, Gs^Vh, Rp, Rp, Rp, Rp, Gs^Vh, Gs^Vh, Gg, Gg, Gg, Gg, Gg, Gg^Efm, Gg, Gg^Efm, Gg, Gg^Efm, Gg^Efm, Gg, Gg^Efm, Gg, Gg^Efm, Gg^Efm, Gg^Efm, Gg^Efm, Gg^Efm, Gg, Gg^Efm, Gg^Efm, Gg, Gg, Gg, Gg, Gg, Gg^Efm, Gg, Gg, Gg^Efm, Gg, Gg, Gg, Gg, Gg, Gg
Hh, Hh, Hh, Hh, Hh, Hh, Gg, Gg, Gg, Gg, Gg, Gg^Efm, Gg^Efm, Gg^Efm, Gg^Efm, Gg^Efm, Gg^Efm, Gg^Efm, Gg^Efm, Gg^Efm, Gg^Efm, Gg^Efm, Gg^Efm, Gg, Gg, Gg, Gg, Gg, Gg, Gs^Vh, Gs^Vh, Gs^Vh, Rp, Rp, Rp, Gs^Vh, Gs^Vh, Gs^Vh, Gg, Gg, Gg, Gg, Gg, Gg^Efm, Gg, Gg^Efm, Gg, Gg, Gg, Gg, Gg, Gg, Gg, Gg^Efm, Gg^Efm, Gg, Gg, Gg, Gg^Efm, Gg, Gg, Gg, Gg^Efm, Gg^Efm, Gg, Gg, Gg^Efm, Gg^Efm, Gg, Gg, Gg, Gg, Rp, Rp
Hh, Hh, Hh, Hh, Hh, Hh, Gg, Gg, Gg, Gg, Gg, Gg^Efm, Gg^Efm, Gg^Efm, Gg^Efm, Gg^Efm, Gg^Efm, Gg^Efm, Gg^Efm, Gg^Efm, Gg^Efm, Gg^Efm, Gg, Gg, Gg, Gg, Gs^Vh, Gg, Gs^Vh, Gs^Vh, Gs^Vh, Gs^Vh, Rp, Rp, Rp, Gg^Ve, Gs^Vh, Gs^Vh, Gg, Gg, Gg, Gg, Gg, Gg, Gg, Gg, Gg, Gg, Gg, Gg, Gg, Gg, Gg, Gg^Efm, Gg^Efm, Gg, Gg, Gg, Gg^Efm, Gg^Efm, Gg^Efm, Gg^Efm, Gg, Gg, Gg, Gg^Efm, Gg^Efm, Gg, Gg, Gg, Rp, Rp, Rp, Rp
Gg, Hh, Gg, Hh, Gg, Gg, Gg, Gg, Gg, Gg^Efm, Gg^Efm, Gg, Gg^Efm, Gg^Efm, Gg^Efm, Gg^Efm, Gg^Efm, Gg^Efm, Gg^Efm, Gg^Efm, Gg^Efm, Gg^Efm, Gg, Gg, Gg, Gg, Gs^Vh, Gs^Vh, Gg, Gs^Vh, Gs^Vh, Rr^Vhc, Rrc, Rp, Rrc, Gs^Vh, Gs^Vh, Gs^Vh, Gs^Vh, Gg, Gg, Gg, Gg, Gg, Gg, Gg, Gg, Gg, Gg, Gg, Gg, Gg, Gg, Gg, Gg^Efm, Gg, Gg, Gg, Gg^Efm, Gg^Efm, Gg^Efm, Gg, Gg^Efm, Gg, Gg^Efm, Gg^Efm, Gg, Gg, Gg, Gg, Rp, Rp, Gg, Gg
Gg, Gg, Gg, Gg, Gg, Gg, Gg, Gg, Gg, Gg^Efm, Gg, Gg^Efm, Gg, Gg^Efm, Gg, Gg^Efm, Gg, Gg^Efm, Gg, Gg, Gg, Gg, Gg, Gg, Gg, Gs^Vh, Gg, Gs^Vh, Gg, Gs^Vh, Gs^Vh, Gs^Vh, Rrc, Rrc, Rrc, Rr^Vhc, Gs^Vh, Gs^Vh, Gs^Vh, Gs^Vh, Gg, Gg, Gg, Gg, Gg, Gg, Gg, Gg, Gg, Gg, Gg, Gg, Gg, Gg, Gg^Efm, Gg^Efm, Gg^Efm, Gg^Efm, Gg, Gg^Efm, Gg^Efm, Gg^Efm, Gg, Gg^Efm, Gg, Gg, Gg, Gg, Gg, Rp, Rp, Rp, Gg, Gg
Gg, Gg, Gg, Gg, Gg, Gg, Gg, Gg, Gg, Gg, Gg, Gg, Gg, Gg, Gg, Gg, Gg, Gg, Gg, Gg, Gg, Gg, Gg, Gg, Gg, Gg, Gg, Gg, Gs^Vh, Gs^Vh, Gs^Vh, Gs^Vh, Rrc, Rrc, Rrc, Gs^Vh, Gs^Vh, Gs^Vh, Gs^Vh, Gs^Vh, Gg, Gg, Gg, Gg, Gg, Gg, Gg, Gg, Gg, Gg, Gg, Gg, Gg, Gg, Gg, Gg, Gg, Gg, Gg, Gg, Gg, Gg, Gg, Gg, Gg, Gg, Gg, Gg, Rp, Rp, Rp, Gg, Gg, Gg
Gg, Gg, Gg, Gg, Gg, Gg, Gg, Gg, Gg, Gg, Gg, Gg, Gg, Gg, Gg, Gg, Wwt, Gg, Wwt, Wwt, Wwt, Wwt, Wwt, Wwt, Wwt, Gg, Wwt, Gg, Gg, Gs^Vh, Wwt, Wwt, Wwt^Bsb|, Wwt^Bsb|, Wwt^Bsb|, Wwt, Wwt, Gs^Vh, Gs^Vh, Gs^Vh, Gg, Gg, Gg, Gs^Vh, Gs^Vh, Gs^Vh, Gs^Vh, Gg, Gg, Gg, Gg, Gg, Gg, Gg, Gg, Gg, Gg, Gg, Gg, Gg, Gg, Gg, Gg, Gg, Gg, Gg, Gg, Gg, Rp, Rp, Gg, Gg, Gg, Gg
Gg, Gg, Gg, Gg, Gg, Gg, Gg, Gg, Gg, Gg, Wwt, Gg, Wwt, Wwt, Wwt, Wwt, Wo, Wwt, Wo, Wo, Wo, Wo, Wo, Wo, Wo, Wwt, Wo, Wwt, Wwt, Wwt, Wo, Wo, Wo^Bsb|, Wo^Bsb|, Wo^Bsb|, Wo, Wwt, Wwt, Wwt, Gg, Wwt, Wwt, Wwt, Gs^Vh, Wwt, Gs^Vh, Gs^Vh, Gs^Vh, Gg, Gg, Gg, Gg, Gg, Gg, Gg, Gg, Gg, Gg, Gg, Gg, Gg, Gg, Gg, Gg, Gg, Gg, Gg, Gg, Rp, Rp, Gg, Gg, Gg, Gg
Gg, Gg, Wwt, Gg, Wwt, Wwt, Wwt, Wwt, Wwt, Wwt, Wo, Wwt, Wo, Wo, Wo, Wo, Wwt, Wo, Ch, Wo, Wwt, Wwt, Wwt, Wwt, Wwt, Wwt, Wwt, Wo, Wo, Wo, Wo, Wo, Wwt^Bsb|, Wo^Bsb|, Wwt^Bsb|, Wo, Wo, Wwt, Wo, Wwt, Wo, Wo, Wo, Wwt, Wwt, Wwt, Wwt, Gs^Vh, Gg, Gg, Gg, Gg, Gg, Gg, Gg, Gg, Gg, Gg, Gg, Gg, Gg, Gg, Gg, Gg, Gs^Vh, Gg, Gs^Vh, Gg, Rp, Rp, Gg, Gg, Gg, Gg
Wwt, Wwt, Wo, Wwt, Wo, Wo, Wo, Wo, Wo, Wo, Wwt, Wo, Wwt, Wo, Wwt, Wwt, Wwt, Ch, 5 Kh, Ch, Kh, Ch, Ch, Ch, Ch, Ch, Ch, Wwt, Ch, Wwt, Ch, Wwt, Rr^Pw|o, Wwt^Bsb|, Rr^Pw|o, Wwt, Ch, Wo, Ch, Wo, Ch, Wo, Wo, Wo, Wo, Wo, Wo, Wwt, Wwt, Wwt, Wwt, Gg, Gg, Gg, Gg, Gg, Gg, Gg, Gs^Vh, Gs^Vh, Gs^Vh, Gg, Gg, Gg, Gs^Vh, Gs^Vh, Gs^Vh, Gs^Vh, Rp, Rp, Gs^Vh, Gs^Vh, Gg, Gg
Wo, Wo, Wwt, Wo, Wwt, Wwt, Wwt, Wwt, Wwt, Wwt, Ch, Wwt, Ch, Wwt, Ch, Ch, Kh, Ch, Ch, Ch, Rr, Rr, Rr, Rr, Rr, Rr, Rr, Ch, Rr, Ch, Rr, Ch, Rrc, Rr^Pw|o, Rrc, Ch, Rr, Ch, Rr, Ch, Rr, Ch, Ch, Ch, Ch, Wo, Wo, Wo, Wo, Wwt, Wo, Wwt, Wwt, Gg, Gg, Gg, Gg, Gg, Gs^Vh, Gs^Vh, Gs^Vh, Gs^Vh, Gs^Vh, Gs^Vh, Gs^Vh, Rr^Vhc, Rp, Rp, Rp, Rp, Rr^Vhc, Gs^Vh, Gs^Vh, Gg
Wwt, Wwt, Ch, Wwt, Ch, Ch, Ch, Ch, Ch, Ch, Rr, Ch, Rr, Ch, Rr, Rr, Rr, Rr, Rr, Rr, Rr^Vhc, Rr^Vhc, Rr^Vhc, Rr^Vhc, Rr^Vhc, Rr^Vhc, Rr^Vhc, Rr^Vhc, Rr^Vhc, Rr^Vhc, Rr^Vhc, Rr^Vhc, Rrc, Rrc, Rrc, Rr, Rr^Vhc, Rr, Rr^Vhc, Rr, Rr^Vhc, Rr, Rr, Rr, Rr, Kh, Ch, Ch, Ch, Wo, Wwt, Wo, Wo, Wwt, Wwt, Gg, Gg, Gg, Gs^Vh, Gs^Vh, Gs^Vh, Gs^Vh, Gs^Vh, Gs^Vh, Gs^Vh, Gg^Ve, Rp, Rp, Rp, Rp, Rp, Gg^Ve, Gs^Vh, Gg
Ch, Ch, Rr, Ch, Rr, Rr, Rr, Rr, Rr, Rr, Rr^Vhc, Rr, Rr^Vhc, Rr, Rr^Vhc, Rr^Vhc, Rr^Vhc, Rr^Vhc, Rr^Vhc, Rr^Vhc, Rr^Vhc, Rr^Vhc, Rr^Vhc, Rr^Vhc, Rr^Vhc, Rr^Vhc, Rr^Vhc, Rr^Vhc, Rr^Vhc, Rr, Rr^Vhc, Rr^Vhc, Rrc, Rrc, Rrc, Rr^Vhc, Rr^Vhc, Rr^Vhc, Rr^Vhc, Rr^Vhc, Rr, Rr^Vhc, Rr^Vhc, Rr^Vhc, Rr^Vhc, Rr, Ch, 4 Kh, Ch, Wwt, Wwt, Wwt, Wwt, Wo, Wo, Wwt, Wwt, Gg, Gg, Gs^Vh, Gs^Vh, Gs^Vh, Gs^Vh, Gs^Vh, Gs^Vh, Rr^Vhc, Rr^Vhc, Rp, Rp, Rp, Rp, Rp, Rp, Gg
Rr, Rr, Rr^Vhc, Rr, Rr^Vhc, Rr^Vhc, Rr^Vhc, Rr^Vhc, Rr^Vhc, Rr^Vhc, Rr, Rr^Vhc, Rr, Rr, Rr, Rr, Rr, Rr, Rr, Rr, Rr, Rr^Vhc, Rr, Rr^Vhc, Rr, Rr^Vhc, Rr, Rr^Vhc, Rr, Rr^Vhc, Rr, Rr^Vhc, Rrc, Rrc, Rrc, Rr^Vhc, Rr^Vhc, Rr^Vhc, Rr^Vhc, Rr, Rr^Ecf, Rr, Rr^Vhc, Rr^Vhc, Rr^Vhc, Rr, Rr, Ch, Rr, Kh, Ch, Wwt, Wwt, Wwt, Wwt, Wo, Wo, Wwt, Wwt, Gs^Vh, Gs^Vh, Gs^Vh, Gs^Vh, Gs^Vh, Kh, Gs^Vh, Rr, Rr, Rr, Rp, Rp, Rp, Rp, Gg
Rr^Vhc, Rr^Vhc, Rr^Vhc, Rr^Vhc, Rr, Rr^Vhc, Rr^Vhc, Rr^Vhc, Rr, Rr, Rr^Vhc, Rr, Rr^Vhc, Rr^Vhc, Rr^Vhc, Rr^Vhc, Rr^Vhc, Rr^Vhc, Rr^Vhc, Rr^Vhc, Rr^Vhc, Rr, Rr, Rr, Rr, Rr, Rr, Rr, Rr, Rr, Rr, Rr, Rrc, Rrc, Rrc, Rr^Vhc, Rr^Vhc, Rr^Vhc, Rr^Vhc, Rr, Rr, Rr, Rr, Rr^Vhc, Rr^Vhc, Rr^Vhc, Rr^Vhc, Rr, Rr^Vhc, Rr, Rr, Ch, Ch, Wwt, Wwt, Wwt, Wo, Wo, Wo, Wwt, Kh, Gs^Vh, Ch, Ch, Rrc, Rr^Pr\o, Rr^Pr\o, Rr, Rr, Rr, Gg^Ve, Rp, Rp, Rp
Rr^Vhc, Rr^Vhc, Rr^Vhc, Rr, Rr^Ecf, Rr, Rr, Rr, Rr^Vhc, Rr^Vhc, Rr^Vhc, Rr^Vhc, Rr, Rr^Vhc, Rr, Rr^Vhc, Rr, Rr^Vhc, Rr, Rr^Vhc, Rr^Vhc, Rr^Vhc, Rr^Vhc, Rr, Rr, Rr^Vhc, Rr^Vhc, Rr^Vhc, Rr^Vhc, Rr^Vhc, Rr^Vhc, Rr^Vhc, Rrc, Rrc, Rrc, Rr, Rr, Rr^Vhc, Rr, Rr, Rr^Vd, Uu^Vud, Rr^Vd, Rr, Rr, Rr^Vhc, Rr^Vhc, Rr^Vhc, Rr^Vhc, Rr^Vhc, Rr^Vhc, Rr, Rr, Ch, Wwt, Wo, Wo, Wo, Wo, Wo, Wwt, Kh, Wwt^Bsb/, Rrc, Rrc, Rrc, Rrc, Rr^Pr\o, Kh, Gs^Vh, Gs^Vh, Gs^Vh, Gs^Vh, Rp
Rr^Vhc, Rr^Vhc, Rr^Vhc, Rr, Rr, Rr, Rr, Rr^Vhc, Rr, Rr, Rr, Rr, Gg, Rr, Gg, Rr, Gg, Rr, Gg, Rr, Rr, Rr^Vhc, Rr^Vhc, Rr^Vhc, Rr^Vhc, Rr, Rr, Rr^Vhc, Rr^Vhc, Rr^Vhc, Rr^Vhc, Rr^Vhc, Rrc, Rrc, Rrc, Rr^Vhc, Rr^Vhc, Rr, Rr, Uu^Vud, Rr^Vd, Rr^Wm, Rr^Vd, Uu^Vud, Uu^Vu, Rr, Rrc, Rr^Vhc, Rrc, Rr^Vhc, Rr^Vhc, Rr^Vhc, Rr, Ch, Ch, Wwt, Wo, Wo, Wo, Wo, Wo^Bsb/, Wwt^Bsb/, Wwt^Bsb/, Rrc, Rrc, Rrc, Ch, Ch, Gs^Vh, Gs^Vh, Gs^Vh, Gs^Vh, Gg, Gg
Rr^Vhc, Rr^Vhc, Rr^Vhc, Rr^Vhc, Rr^Vhc, Rr, Rr, Rr, Gg, Gg, Gg, Gg, Gg, Gg, Gg, Gg, Gg, Gg, Gg, Gg, Gg, Rr, Rr, Rr^Vhc, Rr^Vhc, Rr^Vhc, Rr^Vhc, Rr, Rr, Rr^Vhc, Rr^Vhc, Rr^Vhc, Rrc, Rrc, Rrc, Rr^Vhc, Rr^Vhc, Rr^Vhc, Rr^Vhc, Rr, Rr, Uu^Vud, Rr^Vhc, Rr^Vhc, Rrc, Rrc, Rrc, Rrc, Rrc, Rrc, Rrc, Rr^Vhc, Rr, Rr, Kh, Wwt, Wwt, Wo, Wo^Bsb/, Wo^Bsb/, Wo^Bsb/, Wo^Bsb/, Wo^Bsb/, Wwt^Bsb/, Wwt, Kh, Kh, Gg, Gg, Gs^Vh, Gg, Gg, Gg, Gg
Rr, Rr, Rr, Rr^Vhc, Rr^Vhc, Rr, Gg, Gg, Gg, Gg, Gg, Gg, Gg, Gg, Gg, Gg, Hh, Gg, Hh, Gg, Gg, Gg, Gg, Rr, Rr, Rr^Vhc, Rr^Vhc, Rr^Vhc, Rr^Vhc, Rr, Rr, Rr^Vhc, Rrc, Rrc, Rrc, Rr^Vhc, Rr^Vhc, Rr^Vhc, Rr^Vhc, Rr^Vhc, Rr^Vhc, Rr, Rrc, Rrc, Rrc, Rrc, Rrc, Rrc, Rrc, Rrc, Rrc, Rrc, Rr^Pw/o, Ch, Rr, Ch, Rr^Pw\o, Wwt^Bsb/, Wwt^Bsb/, Wo^Bsb/, Wo^Bsb/, Wo^Bsb/, Wwt, Wo, Wo, Wwt, Wwt, Wwt, Wwt, Gg, Gg, Gg, Gg, Gg
Gg, Gg, Gg, Rr, Rr, Rr, Gg, Gg, Gg, Gg, Hh, Hh, Hh, Gg, Gg, Hh, Hh, Hh, Hh, Hh, Gg, Gg, Gg, Gg, Rr, Rr, Rr, Rr^Vhc, Rr^Vhc, Rr^Vhc, Rr^Vhc, Rr, Rrc, Rrc, Rrc, Rr^Vhc, Rr^Vhc, Rr^Vhc, Rr^Vhc, Rr^Vhc, Rrc, Rrc, Rrc, Rrc, Rrc, Rrc, Rr^Vhc, Rrc, Rr, Rrc, Rr^Pw/o, Rr^Pw/o, Rrc, Rrc, Rrc, Rrc, Rrc, Rr^Pw\o, Rr^Pw\o, Wwt^Bsb/, Wwt, Wwt, Wwt, Wwt, Wwt, Wo, Wo, Wwt, Wo, Wwt, Wwt, Gg, Gg, Gg
Hh, Gg, Gg, Gg, Gg, Gg, Gg, Gg, Gg, Hh, Hh, Hh, Hh, Mm^Xm, Kh, Mm^Xm, Hh, Hh, Hh, Hh, Gg, Gg, Gg, Gg, Gg, Rr, Rr, Rr^Vhc, Rr^Vhc, Rr^Vhc, Rr^Vhc, Rr^Vhc, Rrc, Rrc, Rrc, Rr^Vhc, Rr^Vhc, Rr^Vhc, Rrc, Rrc, Rrc, Rrc, Rrc, Rrc, Rr^Vhc, Rr^Vhc, Rr^Vhc, Rr, Kh, Ch, Rr, Rrc, Rrc, Rrc, Rrc, Rrc, Rrc, Rrc, Rr, Ch, Kh, Ch, Ch, Ch, Ch, Wwt, Ch, Wo, Wo, Wo, Wwt, Wwt, Gg, Gg
Hh, Hh, Ce, Rr, Ce, Gg, Gg, Gg, Gg, Hh, Hh, Hh, Hh, Mm^Xm, Ch, Mm^Xm, Mm^Xm, Mm^Xm, Kh, Gg, Hh, Hh, Gg, Gg, Gg, Gg, Rr, Rr^Vhc, Rr^Vhc, Rrc, Rrc, Rrc, Rrc, Rrc, Rrc, Rrc, Rrc, Rrc, Rrc, Rrc, Rrc, Rrc, Rr^Vhc, Rr^Vhc, Rr^Vhc, Rr^Vhc, Rr, Rr, Ch, Kh, Ch, Rr, Rr, Rrc, Rrc, Rrc, Rrc, Rrc, Rr^Pw/o, Ch, Rr, Rr, Rr, Rr, Rr, Ch, Rr, Ch, Ch, Wo, Wo, Wwt, Wwt, Gg
Hh, Ce, Re^Vct, Ce, Re^Vct, Ce, Hh, Gg, Gg, Gg, Gg, Hh, Hh, Mm^Xm, Kh, Mm^Xm, Ch, Ch, Mm^Xm, Mm^Xm, Hh, Hh, Hh, Gg, Gg, Gg, Rr, Rr^Vhc, Rr^Vhc, Rrc, Rrc, Rrc, Rrc, Rrc, Rrc, Rrc, Rrc, Rrc, Rrc, Rrc, Rr^Vhc, Rr^Vhc, Rr^Vhc, Rr^Vhc, Rr, Rr, Ch, Ch, Gg, Gg, Ch, Kh, Ch, Rr, Rr, Rrc, Rr^Pw/o, Rr^Pw/o, Rrc, Rrc, Rrc, Rr^Vhc, Rr^Vhc, Rr^Vhc, Rr^Vhc, Rr, Rr^Vhc, Rr, Rr, Ch, Wo, Wo, Wo, Wwt
Hh, Ce, Re^Vct, Re^Vct, Re^Vct, Ce, Hh, Hh, Hh, Gg, Hh, Hh, Hh, Mm^Xm, Kh, Kh, Rr, Ch, Ch, Mm^Xm, Mm^Xm, Hh, Hh, Hh, Gg, Gg, Rr, Rr^Vhc, Rr^Vhc, Rrc, Rrc, Rrc, Rrc, Rrc^Ecf, Rrc, Rrc, Rrc, Rrc, Rr^Vhc, Rr^Vhc, Rr^Vhc, Rr^Vhc, Rr^Vhc, Rr^Vhc, Rr, Kh, Ch, Gg, Gg, 3 Kh, Gg, Gg, Ch, Kh, Kh, Ch, Rr, Rrc, Rrc, Rrc, Rrc, Rrc, Rrc, Rrc, Rrc, Rr^Vhc, Rr^Vhc, Rr^Vhc, Rr, Ch, Ch, Wo, Wo, Wo
Hh, Ce, Re^Vct, Re^Vct, Re^Vct, Ce, Hh, Hh, Hh, Hh, Hh, Hh, Mm^Xm, Mm^Xm, Ch, Rr, Rr, Rr, Rr, Ch, Kh, Mm^Xm, Hh, Hh, Gg, Gg, Rr, Rr^Vhc, Rr^Vhc, Rrc, Rrc, Rrc, Rrc, Rrc, Rrc, Rrc, Rrc, Rr, Rr, Rr^Vhc, Rr^Vhc, Rr^Vhc, Rr^Vhc, Rr^Vhc, Rr^Vhc, Rr, Rr, Ch, Ch, Gg, Ch, Ch, Rr, Rr, Rr, Rr, Rr^Vhc, Rr^Vhc, Rr^Vhc, Rrc, Rrc, Rrc, Rrc, Rrc, Rrc, Rrc, Rrc, Rr^Vhc, Rr^Vhc, Rr, Rr, Kh, Ch, Ch
Hh, Ce, Re^Vct, Re^Vct, Re^Vct, Ce, Hh, Hh, Hh, Hh, Hh, Hh, Mm^Xm, Mm^Xm, Ch, Rr, Rr, Rr, Rr^Pr/o, Rr^Pr/o, Rr, Mm^Xm, Gg, Hh, Gg, Gg, Rr, Rr^Vhc, Rr^Vhc, Rrc, Rrc, Rrc, Rrc, Rrc, Rrc, Rrc, Rrc, Rr, Xos, Rr, Rr, Rr^Vhc, Rr^Vhc, Rr^Vhc, Rr^Vhc, Rr^Vhc, Rr^Vhc, Rr, Rr, Kh, Rr, Rr, Rr^Vhc, Rr^Vhc, Rr^Vhc, Rr^Vhc, Rr^Vhc, Rr^Vhc, Rrc, Rrc, Rrc, Rrc, Rrc, Rr^Vhc, Rrc, Rrc, Rrc, Rrc, Rr^Vhc, Rr^Vhc, Rr^Vhc, Rr, Ch, Kh
Hh, Ce, Re^Vct, Re^Vct, Re^Vct, Ce, Hh, Hh, Hh, Hh, Hh, Kh, Ch, Ch, 2 Kh, Ch, Ch, Kh, Mm^Xm, Rr, Rrc, Rrc, Rrc, Gg, Gg, Gg, Rr, Rr, Rrc, Rrc, Rrc, Rrc, Rr, Rrc, Rr, Rrc, Ch, Xos, Xos, Rr, Rr, Rr, Rr, Rr^Vhc, Rr^Vhc, Rr^Vhc, Rr^Vhc, Rr^Vhc, Rr^Vhc, Rr, Rr^Vhc, Rr^Vhc, Rr^Vhc, Rr, Rr, Rr^Vhc, Rr, Rrc, Rrc, Rrc, Rrc, Gg^Ve, Rrc, Rrc, Rrc, Rrc, Rr, Rr^Vhc, Rr^Vhc, Rr^Vhc, Rr^Vhc, Rr, Rr, Ch
Hh, Ce, Re^Vct, Re^Vct, Re^Vct, Ce, Hh, Hh, Mm^Xm, Hh, Mm^Xm, Kh, Ch, Ch, Ch, Ch, Gd, Kh, Ch, Mm^Xm, Mm^Xm, Rrc, Rrc, Rrc, Rrc, Gg, Rrc, Rrc, Rrc, Rrc, Rr, Rr, Rr, Rr, Rr, Xos, Xos, Icr, Icr, Xos, Xos, Rr, Rr, Rr, Rr, Rr, Rr, Rr, Rr, Rr^Vhc, Rr^Vhc, Rr^Vhc, Xos, Xos, Xos, Rr, Rr, Rr, Rr, Rrc, Rrc, Rrc, Rrc, Rrc, Rr^Vhc, Rr^Vhc, Rr^Vhc, Rr, Rr, Rr^Vhc, Rr^Vhc, Rr^Vhc, Rr^Vhc, Rr
Hh, Ce, Re^Vct, Re^Vct, Re^Vct, Ce, Mm^Xm, Mm^Xm, Ch, Mm^Xm, Ch, Ch, Mm^Xm, Mm^Xm, Kh, Gd, Gd, Gd, Gd, Ch, Ch, Mm^Xm, Gg, Rrc, Rrc, Rrc, Rrc, Rrc, Rr, Rr, Rr^Vhc, Rr^Vhc, Rr^Vhc, Rr, Rr, Rr, Rr, Xos, Xos, Icr, Icr, Ch, Xos, Rr, Rr, Rr, Rr^Vhc, Rr, Rr, Rr^Vhc, Xos, Xos, Icn, Kud, Cud, Rr, Xos, Xos, Xos, Rr, Rr, Rrc, Rr, Rr^Vhc, Rr^Vhc, Rr^Vhc, Rr^Vhc, Rr^Vhc, Rr, Rr, Rr, Rr^Vhc, Rr^Vhc, Rr^Vhc
Hh, Ce, Ce, Re^Vct, Ce, Ce, Ket, Ch, Kh, Ch, Mm^Xm, Mm^Xm, Hh, Hh, Mm^Xm, Ch, Ch, Gd, Gd, Gd, Ch, Kh, Gg, Gg, Gg, Rrc, Rr, Rr, Rr^Vhc, Rr^Vhc, Rr^Vhc, Rr^Vhc, Rr^Vhc, Rr, Rr, Rr, Rr, Rr, Rr, Ch, Xos, Icr, 6 Kh, Xos, Ch, Rr, Rr^Vhc, Rr^Vhc, Rr, Xos, Xos, Icn, Icn^Cov, Icn^Cov, Icn, Cud, Cud, Cud, Xos, Rr, Rr, Rr^Vhc, Rr^Vhc, Rr, Rr, Rr^Vhc, Rr, Rr, Rr^Ecf, Rr, Rr^Vhc, Rr^Vhc, Rr^Vhc, Rr^Vhc
Hh, Ce, Hh, Ce, Hh, Ce, Mm^Xm, Ch, Ch, Ch, Mm^Xm, Hh, Hh, Hh, Hh, Mm^Xm, Mm^Xm, Ch, Kh, Ch, Mm^Xm, Mm^Xm, Hh, Gg, Gg, Rr, Rr^Vhc, Rr^Vhc, Rr^Vhc, Rr^Vhc, Rr^Vhc, Rr^Vhc, Rr^Vhc, Rr^Vhc, Rr^Vhc, Rr, Rr, Rr, Rr, Rr, Rr, Xos, Ch, Ch, Ch, Rr^Cov, Rr^Cov, Rr^Cov, Rr^Cov, Rr^Cov, Rr^Cov, Irs^Cov, Xos, Icn, Xos, Xos, Xos, Xos, Rr, Rr, Rr^Vhc, Rr^Vhc, Rr^Vhc, Rr^Vhc, Rr^Vhc, Rr, Rr, Rr, Rr, Rr, Rr^Vhc, Rr^Vhc, Rr^Vhc, Rr^Vhc
Gg, Hh, Hh, Hh, Hh, Hh, Hh, Mm^Xm, Mm^Xm, Mm^Xm, Hh, Hh, Hh, Hh, Hh, Hh, Hh, Mm^Xm, Hh, Mm^Xm, Hh, Hh, Gg, Gg, Gg, Rr, Rr^Vhc, Rr^Vhc, Rr^Vhc, Rr^Vhc, Rr^Vhc, Rr^Vhc, Rr^Vhc, Rr^Vhc, Rr^Vhc, Rr^Vhc, Rr^Vhc, Rr, Rr, Rr, Rr, Rr, Rr, Rr, Rr, Rr, Rr, Rr, Rr, Rr, Rr, Rr, Rr, Xos, Rr, Rr, Rr, Rr, Rr^Vhc, Rr^Vhc, Rr^Vhc, Rr^Vhc, Rr^Vhc, Rr^Vhc, Rr^Vhc, Rr^Vhc, Rr^Vhc, Rr^Vhc, Rr^Vhc, Rr^Vhc, Rr^Vhc, Rr^Vhc, Rr^Vhc, Rr^Vhc
Gg, Gg, Gg, Gg, Gg, Gg, Hh, Hh, Hh, Hh, Hh, Hh, Gg, Gg, Gg, Hh, Gg, Hh, Gg, Hh, Gg, Gg, Gg, Gg, Rr, Rr, Rr^Vhc, Rr^Vhc, Rr^Vhc, Rr^Vhc, Rr^Vhc, Rr^Vhc, Rr^Vhc, Rr^Vhc, Rr^Vhc, Rr^Vhc, Rr, Rr, Rr, Rr, Rr, Rr, Rr, Rr, Rr, Rr, Rr, Rr, Rr, Rr, Rr, Rr, Rr, Rr, Rr, Rr, Rr, Rr, Rr, Rr^Vhc, Rr, Rr^Vhc, Rr, Rr^Vhc, Rr, Rr^Vhc, Rr, Rr^Vhc, Rr, Rr^Vhc, Rr, Rr^Vhc, Rr, Rr^Vhc
