Gd, Gd, Gd, Gd, Gd, Gd, Gd, Gd, Gd, Gd, Gd, Gd, Gd, Gd, Gd, Gd, Gd, Gd, Gd, Gd, Gd, Gd, Gd, Gd, Gd, Gd, Gd, Gd, Gd, Gd, Gd, Gd, Gd, Gd, Gd, Gd, Gd, Gd, Gd, Gd, Gd, Gd, Gd, Gd, Gd, Gd, Gd, Gd, Gd, Gd, Gd, Gd, Gd, Gd, Gd, Gd, Gd, Gd, Gd, Gd, Gd, Gd, Ss, Gd, Gd, Gd, Gd, Gd, Ss, Ss, Ss, Ss, Ss, Gd, Ss, Gd, Gd, Gd, Gd, Gd, Gd, Gd, Gd, Gd, Gd, Gd, Gd, Gd, Gd, Gd, Gd, Ce, Re^Vct, Re^Vct, Gd, Rrc, Rrc, Gd, Gd, Re^Vct, Rr, Rr, Re^Vct
Gd, Gd, Ss, Gd, Gd, Gd, Gd, Ds, Ds, Gd, Gd, Gd, Gd, Gd, Gd, Gd, Ss, Gd, Ss, Gd, Ss, Gd, Gd, Gd, Gd, Gd, Gd, Gd, Gd, Gd, Ss, Gd, Gd, Gd, Gd, Gd, Gd, Gd, Gd, Ss, Ss, Gd, Gd, Gd, Gd, Gd, Ss, Gd, Gd, Gd, Gd, Gd, Gd, Gd, Gd, Gd, Gd, Gd, Gd, Gd, Gd, Ss, Gd, Gd, Gd, Gd, Gd, Gd, Gd, Ss, Gd, Ss, Gd, Ss, Ss, Ss, Ss, Gd, Ss, Ss, Gd, Gd, Gd, Gd, Gd, Gd, Gd, Gd, Ss, Gd, Ss, Ce, Re^Vct, Re^Vct, Re^Vct, Gd, Gd, Rrc, Rrc, Rr, Gd, Re^Vct, Re^Vct
Gd, Gd, Ss, Gd, Ds, Ss, Gd, Gd, Gd, Gd, Gd, Gd, Gd, Gd, Gd, Ss, Gd, Ss, Gd, Ss, Gd, Gd, Gd, Ss, Gd, Gd, Gd, Ss, Gd, Gd, Gd, Gd, Gd, Gd, Ss, Gd, Gd, Gd, Ss, Ss, Gd, Gd, Gd, Gd, Ss, Ss, Gd, Gd, Gd, Gd, Gd, Gd, Ss, Ss, Ss, Gd, Gd, Gd, Gd, Gd, Gd, Gd, Ss, Gd, Gd, Gd, Gd, Gd, Ss, Gll, Gd, Gd, Gd, Gd, Gd, Gd, Gd, Ss, Gd, Gd, Gd, Gd, Gd, Gd, Ss, Ss, Ss, Ss, Gd, Ss, Gd, Ce, Re^Vct, Gg^Vwm, Re^Vct, Re^Vct, Rr, Rr, Gd, Rrc, Rrc, Gd, Gd
Gd, Gd, Ss, Ds, Gd, Ss, Gd, Gd, Ss, Ss, Gd, Gd, Gd, Gd, Ds, Gd, Gd, Gd, Gd, Gd, Gd, Gd, Ss, Ds, Gd, Gd, Gd, Gd, Gd, Gd, Gd, Gd, Gd, Gd, Ds, Gd, Gd, Gd, Gd, Gd, Gd, Gd, Gd, Gd, Ss, Gd, Gd, Gd, Gd, Gd, Gd, Gd, Gd, Gd, Gd, Ss, Ss, Ds, Gd, Ds, Gd, Gd, Gd, Ss, Ds, Gd, Gd, Gd, Gd, Ss, Gd, Gd, Gd, Ss, Gd, Gd, Gd, Gd, Gd, Gd, Gd, Gd, Ss, Gd, Ss, Gd, Gd, Gd, Gd, Gd, Gd, Ce, Re^Vct, Re^Vct, Ce, Rr, Re^Vct, Re^Vct, Gg^Vwm, Gd, Gd, Rrc, Rrc
Gd, Gd, Ss, Ds, Gd, Gd, Gd, Gd, Ss, Ds, Ds, Gd, Gd, Gd, Gd, Ds, Ss, Ss, Gd, Ss, Gd, Ss, Gd, Ds, Gd, Gd, Gd, Gd, Gd, Gd, Gd, Gd, Gd, Gd, Ds, Ss, Gd, Gd, Gd, Gd, Gd, Gd, Gd, Ss, Ss, Gd, Gd, Gd, Gd, Gd, Gd, Gd, Ds, Gd, Gd, Gd, Gd, Ds, Gd, Gd, Gd, Gd, Gd, Gd, Gll, Gd, Gd, Gd, Gd, Ss, Gd, Gd, Gd, Gd, Gd, Gd, Gd, Gd, Ss, Gd, Gll, Gd, Gll, Ds, Ss, Gd, Gd, Gd, Gd, Gd, Gd, Ce, Re^Vct, Ce, 1 Ke, Ce, Re^Vct, Re^Vct, Re^Vct, Re^Vct, Re^Vct, Gd, Gd
Gd, Gd, Gd, Gd, Gd, Gd, Ss, Ss, Gd, Gd, Gd, Ss, Ss, Gd, Gd, Ds, Ds, Gd, Gd, Gd, Gd, Gd, Ss, Ds, Gd, Gd, Ss, Gd, Gd, Gd, Gd, Gd, Gd, Ds, Gd, Ss, Gd, Gd, Gd, Gd, Gd, Gd, Ds, Ds, Gd, Gd, Gd, Gd, Gd, Gd, Gd, Gd, Ds, Gd, Gd, Gd, Gd, Ds, Gd, Gd, Gd, Gd, Ss, Gd, Ds, Gd, Ds, Ds, Ds, Ds, Gd, Gd, Gd, Gd, Gd, Gd, Ss, Gll, Gd, Ss, Gd, Gll, Gd, Ds, Gd, Gd, Gd, Gd, Gd, Gd, Ss, Ce, Re^Vct, Ce, Ce, Ce, Re^Vct, Re^Vct, Gg^Vwm, Re^Vct, Re^Vct, Gg^Vwm, Re^Vct
Gd, Gd, Gd, Gd, Gd, Gd, Ds, Ds, Gd, Gd, Ss, Gd, Ss, Ss, Ss, Gd, Ds, Gd, Gd, Gd, Gd, Gd, Ss, Gd, Gd, Gd, Gd, Gd, Gd, Gd, Gd, Gd, Ds, Gd, Gd, Gd, Ss, Gd, Gd, Gd, Gd, Ds, Ss, Ss, Gd, Gd, Gd, Gd, Gd, Gd, Gd, Gd, Ss, Ds, Gd, Gd, Gd, Ds, Gd, Ss, Gd, Ss, Ss, Gd, Ds, Gd, Gd, Gd, Gd, Gd, Gd, Gd, Gd, Gd, Gd, Ds, Ds, Gd, Gd, Gd, Gd, Ds, Gd, Gd, Gd, Gd, Gd, Gd, Gd, Gd, Gd, Ce, Ce, Re^Vct, Ce, Re^Vct, Ce, Re^Vct, Ce, Re^Vct, Ce, Re^Vct, Ce
Gd, Gd, Ss, Gd, Ds, Ds, Ss, Gd, Gd, Ss, Gd, Ss, Gd, Gd, Gd, Gd, Ds, Gd, Ds, Ss, Gd, Gd, Ss, Gd, Ds, Ds, Gd, Gd, Ss, Gd, Gd, Ds, Ss, Ds, Ds, Ds, Ds, Gd, Gd, Ss, Ss, Ss, Gd, Ss, Gd, Gd, Gd, Ss, Ss, Gd, Gd, Ss, Gd, Ds, Ds, Gd, Ss, Gd, Gd, Ss, Gd, Gd, Gd, Gd, Gd, Gd, Gd, Gd, Gd, Gd, Gd, Gd, Ds, Gd, Ss, Gd, Gd, Gd, Gd, Gd, Gd, Gd, Gd, Gd, Ds, Gd, Gd, Gd, Gd, Gd, Gd, Ket, Ce, Ce, Ce, Ce, Ce, Ce, Ce, Ce, Ce, Ce, Ce
Gd, Gd, Gd, Ss, Gd, Gd, Gd, Ss, Ss, Gd^Vhr, Gd, Gd, Gd, Ds, Ds, Gd, Gd, Ds, Gd, Ss, Gd, Gd, Ds, Ds, Gd, Ss, Ss, Ss, Gd, Ss, Ds, Ss, Gd, Gd, Gd, Gd, Gd, Ds, Ds, Gd, Gd, Gd, Gd, Ss, Gd, Gd, Gd, Gd, Gd, Ss, Gd, Gd, Gd, Gd, Gd, Gd, Gd, Ds, Ds, Gd, Gd, Gd, Gd, Ss, Gd, Gd, Gd, Ss, Ss, Ss, Gd, Ds, Ss, Ss, Ss, Gd, Ss, Gd, Ss, Gd, Ss, Gd, Ss, Ds, Ds, Ds, Ss, Ss, Gd, Gd, Gd, Ss, Gd, Gd, Rp, Rp, Gd, Gd, Ss, Gd, Ss, Gd, Gd
Gd, Gd, Gd, Gd, Gd, Ss, Gd, Ss, Gd, Gd, Gd, Gd, Gd, Ds, Gd, Gd, Gd^Vhr, Gd, Gd, Gd, Ss, Gd, Gd, Gd, Gd, Gd, Gd, Gd, Gd, Gd, Ds, Ss, Gd, Gd, Gd, Gd, Gd, Gd, Gd, Ds, Ds, Gd, Gd, Gd, Gd, Gd, Gd, Gd, Gd, Gd, Gd, Gd, Gd, Gd, Gd, Gd, Gd, Ds, Gd, Gd, Ss, Gd, Ds, Ss, Gd, Gd, Gd, Gd, Gd, Gd, Gd, Ds, Gd, Gd, Gd, Gd, Gd, Ss, Ss, Ss, Ss, Ss, Gd, Ss, Ds, Gd, Gd, Gll, Gd, Gd, Ds, Ds, Rp, Rp, Gll, Gll, Ds, Gd, Gd, Gd, Gd, Gd, Gd
Gd, Gd, Gd, Gd, Gd, Ss, Gd, Gd, Gd, Gd, Gd, Gd, Gd, Gd, Gd, Gd, Ss, Gd, Gd, Gd, Gd, Ss, Gd, Gd, Gd, Gd^Vhr, Gd, Gd, Ss, Ss, Ss, Ds, Gd, Gd, Gd, Ss, Gd, Gd, Gd, Ss, Ss, Gd, Gd, Gd, Ds, Gd, Ds, Gd, Ss, Gd, Gd, Gd, Gd, Ss, Ss, Gd, Gd, Gd, Gd, Gd, Gd, Ds, Gd, Ss, Ss, Gd, Gd, Gd, Ss, Gd, Gd, Ss, Gll, Gd, Ds, Gd, Gd, Gd, Ss, Gd, Gd, Ss, Ds, Gd, Gd, Gd, Gd, Gll, Gd, Gd, Rp, Rp, Gd, Gd, Gll, Ss, Gd, Ds, Ds, Gll, Gd, Gd, Gd
Ss, Gd, Gd, Gd, Gd, Gd, Ds, Ds, Gd, Ss, Ss, Gd, Ss, Gd, Gd, Gd, Ss, Ss, Gd, Gd, Gd, Ss, Gd, Gd, Ss, Gd, Gd, Gd, Gd, Gd, Gd, Gd, Gd, Gd, Gd, Gd, Ss, Ss, Gd, Gd, Gd, Gd, Ds, Ds, Gd, Ds, Gd, Gd, Ss, Gd, Gd, Gd, Gd, Gd, Gd, Gd, Gd, Gd, Gd, Gd, Ss, Gd, Gd, Ss, Gd, Gd, Gd, Gd, Gd, Gd, Gd, Gd, Ss, Gll, Gd, Ds, Ss, Ss, Gd, Gd, Gd, Gd, Ds, Gd, Gd, Gd, Gd, Gd, Gd, Gd, Rp, Gll, Gd, Ss, Gll, Gd, Gd, Ds, Gd, Gll, Gd, Gd, Gd
Gd, Gd, Ds, Ds, Gd, Gd, Gd, Ds, Ds, Gd, Gd, Ss, Ds, Ds, Gd, Ss, Ss, Ds, Gd, Gd, Gd, Gd, Gd, Gd, Gd, Ds, Ss, Gd, Gd, Gd, Ss, Gd, Ss, Gd, Ss, Ss, Gd, Gd, Gd, Gd, Gd, Gd, Gd, Ss, Ss, Gd, Ss, Gd, Gd, Gd, Gd, Gd, Gd, Ss, Gd, Gd, Gd, Gd, Gd, Gd, Ss, Gd, Ss, Ss, Gd, Gd, Gd, Gd, Gd, Ds, Gd, Ss, Ds, Gd, Gd, Gd, Gd, Gd, Gd, Gd, Gll, Gd, Gd, Ss, Gll, Gll, Gd, Gd, Ds, Gd, Rp, Gd, Gd, Gd, Gd, Gll, Gd, Gd, Gd, Gll, Gd, Gd, Gd
Gd, Gd, Ss, Ds, Gd, Ss, Ss, Gd, Ss, Ds, Gd, Gd, Gd, Gd, Ds, Gd, Gd, Gd, Gd, Ds, Gd, Gd, Gd, Gd, Gd, Gd, Ss, Gd, Gd, Gd, Gd, Ss, Ds, Gd, Gd, Gd, Gd, Gd, Ds, Gd, Gd, Gd, Gd, Ss, Ss, Ss, Gd, Gd, Gd, Gd, Gd, Gd, Gd, Ss, Gd, Gd, Ss, Gd, Gd, Ss, Gd, Gd, Ss, Gd, Gd, Gd, Gd, Gd, Gd, Gd, Gd, Ss, Ss, Ss, Ss, Gd, Gd, Gd, Gd, Gll, Gd, Gd, Ds, Gd, Gd, Ss, Ss, Gd, Ds, Ss, Rp, Gd, Gd, Gd, Ss, Gll, Gd, Ss, Gd, Gll, Gd, Gd, Gd
Gd, Gd, Ds, Ds, Gd, Gd, Ds, Gd, Gd, Gd, Gd, Gd, Gd, Gd^Vhr, Gd, Ds, Ss, Gd, Ss, Ss, Gd, Gd, Ds, Ss, Ss, Ss, Gd, Ss, Gd, Gd, Gd, Gd, Gd, Gd, Gd, Gd, Ds, Ss, Ds, Gd, Ss, Gd, Gd, Gd, Gd, Gd, Gd^Vhr, Gd, Ss, Ss, Ds, Gd, Ds, Ds, Gd, Gd, Ds, Gd, Ss, Ss, Gd, Ss, Ss, Gd, Gd, Ds, Ds, Gd, Gd, Ss, Ss, Gd, Gd, Ds, Ds, Ds, Ds, Gd, Gd, Gd, Gd, Gd, Gd, Gd, Gd, Gd, Gd, Gd, Gd, Rp, Gll, Gd, Ss, Ss, Ds, Gd, Gd, Gd, Gll, Gll, Ss, Gd, Gd
Gd, Gd, Gd, Ds, Ss, Gd, Gd, Gd, Ss, Gd, Ss, Ss, Gd, Gd, Gd, Ss, Gd, Ss, Ds, Gd, Ss, Ds, Gd, Ds, Ds, Ds, Ds, Gd, Ds, Ds, Ds, Gd, Ss, Gd, Gd, Gd, Gd, Ds, Ds, Ss, Ss, Gd, Gd, Gd, Gd, Gd, Gd, Gd, Ss, Ds, Gd, Ds, Gd, Gd, Gd, Gd, Ds, Gd, Gd, Gd, Gd, Ss, Gd, Gd, Ss, Ss, Gd, Gd, Gd, Gd, Ds, Gd, Gd, Gd, Gd, Gd, Gd, Gll, Gd, Gd, Ss, Gd, Ss, Gd, Gd, Gd, Gd, Gd, Ss, Rp, Gd, Ss, Gd, Ds, Gd, Gd, Ds, Gd, Gll, Gd, Ss, Gd, Gd
Gd, Gd, Gd, Gd, Gd, Gd, Gd, Gd, Ss, Ss, Gd, Ds, Ss, Gd, Gd, Gd, Ss, Gd, Gd, Ds, Ds, Ss, Ss, Gd, Gd, Gd, Gd, Ss, Ss, Ds, Gd, Ds, Gd, Gd, Gd, Gd, Ds, Gd, Gd, Gd, Ss, Gd, Gd, Gd, Ss, Gd, Gd, Ss, Gd, Gd, Gd, Gd, Gd, Gd, Gd, Gd, Gd, Gd, Gd, Gd, Gd, Ss, Gd, Gd, Gd, Gd, Gd, Gd, Gd, Ds, Ss, Gd, Gd, Gd, Gd, Gd, Ss, Gll, Ss, Ss, Gd, Ss, Gd, Gd, Ss, Gd, Ss, Ss, Gd, Rp, Ss, Ss, Gd, Gd, Gd, Gd, Ds, Gd, Gd, Gd, Gd, Gd, Gd
Ds, Gd, Gd, Gd, Gd, Gd, Gd, Gd, Gd, Gd, Gd, Gd, Gd, Gd, Gd, Ss, Gd, Ds, Ds, Gd, Ds, Ds, Ds, Ds, Gd, Gd, Gd, Ss, Ss, Gd, Gd, Gd, Gd, Gd, Gd, Ds, Gd, Ds, Ds, Ds, Ds, Gd, Ds, Gd, Gd, Gd, Ss, Ss, Gd, Gd, Gd, Gd, Gd, Gd, Gd, Gd^Vhr, Gd, Gd, Gd, Ss, Gd, Gd, Gd, Gd, Gd, Gd, Ss, Gd, Gd, Ss, Gd, Gd, Ds, Gd, Gd, Gd, Gd, Gd, Gd, Ds, Ds, Gd, Gll, Ss, Gll, Ss, Gd, Gd, Rp, Rp, Ss, Gd, Gd, Ss, Ss, Ss, Ss, Ss, Gd, Gd, Gd, Gd, Gd
Wwt, Ds, Ds, Gd, Gd, Gd, Gd, Gd, Gd, Gd, Ds, Gd, Ds, Gd, Gd, Gd, Gd, Gd, Ss, Ss, Ss, Ds, Gd, Gd, Gd, Gd, Gd^Vhr, Gd, Gd, Gd, Gd, Gd, Ss, Ds, Ss, Gd, Gd, Gd, Gd, Ss, Ss, Ds, Gd, Gd, Gd, Gd, Gd, Gd, Gd, Ss, Gd, Gd, Gd, Gd, Ss, Ss, Gd, Gd, Gd, Ds, Ds, Gd, Ss, Gd, Gd, Gd, Ds, Ss, Ss, Gd, Gd, Gd, Ds, Gd, Gd, Ss, Gd, Gd, Gd, Gd, Gd, Ds, Ds, Gll, Gd, Gd, Rp, Rp, Gd, Gd, Ss, Gd, Gd, Gd, Ds, Gd, Gd, Gd, Gd, Ss, Gd, Gd, Gd
Wwt, Wwt, Wwt, Ds, Ds, Gd, Gd, Gd, Gd, Ss, Ds, Ss, Ds, Gd, Gd, Gd, Gd, Ss, Gd, Ss, Gd, Gd, Gd, Ss, Gd, Gd, Gd, Gd, Gd, Gd, Gd, Gd, Ds, Ds, Gd, Ss, Ss, Gd, Gd, Gd, Gd, Gd, Ss, Ss, Gd, Gd, Gd, Gd, Ss, Gd, Gd, Gd, Gd, Gd, Ds, Ds, Gd, Gd, Gd, Gd, Gd, Ds, Ds, Gd, Gd, Gd, Gd, Ss, Ss, Ss, Ss, Ds, Gd, Gd, Gd, Gd, Gd, Gd, Gd, Gd, Gd^Vhr, Gd, Gd, Ds, Rp, Rp, Ss, Gd, Gd, Ss, Gd, Gd, Ds, Gd, Ds, Gd, Gd, Gd, Gd, Ss, Gd, Gd, Gd
Wwt, Wwt, Wwt, Wwt, Wwt, Ds, Ds, Gd, Gd, Gd, Gd, Gd, Gd, Gd, Gd, Gd, Gd^Vhr, Gd, Gd, Gd, Gd, Gd, Gd, Gd, Gd, Gd, Gd, Ds, Ds, Ds, Gd, Gd, Gd, Gd, Gd, Ss, Ss, Gd, Ss, Gd, Gd, Gd, Ds, Gd, Gd, Gd, Gd, Gd, Gd, Ss, Gd, Gd, Gd, Gd, Gd, Gd, Ss, Gd, Gd, Gd, Ss, Ss, Ds, Gd, Gd, Gd, Gd, Gd, Gd, Gd, Gd, Ss, Ds, Gd, Gd, Gd, Ss, Ss, Ss, Ss, Gd, Ds, Gd, Gd, Rp, Ss, Gd, Gd, Gd, Ss, Ds, Ds, Gd, Ds, Gd, Gd, Gd, Ss, Gd, Ss, Gd, Gd, Gd
Wot, Wwt, Wwt, Wwt, Wwt, Wwt, Wwt, Ds, Ds, Ds, Ds, Ds, Ds, Gd, Ds, Gd, Gd, Gd, Gd, Gd, Gd, Gd, Gd, Ss, Ss, Ds, Ds, Gd, Gd, Ss, Ss, Gd, Gd, Gd, Gd, Gd, Gd, Gd, Gd, Gd, Ds, Gd, Gd, Gd, Gd, Gd, Gd, Ds, Gd, Ss, Ss, Gd, Gd, Gd, Gd, Gd, Gd, Ss, Gd, Gd, Gd, Gd, Gd, Ds, Gd, Gd, Gd, Gd, Ss, Gd, Gd, Gd, Gd, Ds, Ds, Gd, Gd, Ss, Gd, Gd, Gd, Ds, Gd, Gd, Rp, Ss, Ss, Gd, Gd, Ss, Gd, Gd, Gd, Ss, Gd, Gd, Gd, Ss, Gd, Ss, Gd, Gd, Gd
Wot, Wot, Wot, Wwt, Wwt, Wwt, Wwt, Wwt, Wwt, Wwt, Wwt, Ds, Wwt, Ds, Ds, Ds, Ds, Ds, Ds, Ds, Ds, Ds, Ds, Ds, Ds, Ss, Ds, Gd, Gd, Gd, Gd, Ss, Ss, Gd, Gd, Gd, Gd, Gd, Ss, Gd, Ds, Gd, Gd, Gd, Ds, Gd, Ds, Gd, Gd, Gd, Gd, Ss, Gd, Gd, Gd, Gd, Gd, Gd, Gd, Gd, Gd, Gd, Gd, Ds, Gd, Gd, Ss, Ss, Gd, Gd, Gd, Gd, Gd, Ds, Ds, Gd, Gd, Gd, Ss, Gd, Gd, Gd, Rp, Rp, Gd, Gd, Ss, Gd, Gd, Gd, Gd, Gd, Ss, Ss, Gd, Gd, Gd, Ss, Gd, Gd, Gd, Gd, Gd
Wot, Wot, Wot, Wot, Wot, Wwt, Wwt, Wwt, Wot, Wwt, Wwt, Wwt, Wwt, Wwt, Wwt, Wwt, Wwt, Wwt, Wwt, Wwt, Wwt, Wwt, Wwt, Wwt, Wwt, Wwt, Wwt, Ds, Ds, Gd, Ds, Gd, Gd, Ds, Ds, Ds, Ds, Ds, Gd, Ss, Ss, Ss, Gd, Gd, Gd, Ds, Gd, Ss, Gd, Gd, Gd, Gd, Gd, Gd, Gd, Gd, Gd, Gd, Gd, Gd, Gd, Gd, Gd, Gd, Ss, Gd, Gd, Gd, Gd, Ss, Gd, Gd, Gd, Gd, Gd, Ds, Gd, Gd, Gd, Ss, Rp, Rp, Gd, Gd, Gd, Gd, Gd, Ss, Ss, Gd, Gd, Gd, Ss, Gd, Gd, Gd, Gd, Ss, Gd, Gd, Ss, Gd, Gd
Wot, Wot, Wot, Wot, Wot, Wot, Wot, Wot, Wot, Wot, Wot, Wot, Wot, Wwt, Wot, Wwt, Wot, Wwt, Wwt, Wwt, Wwt, Wwt, Wwt, Wwt, Wwt, Wwt, Wwt, Wwt, Wwt, Wwt, Wwt, Ds, Ds, Gd, Ds, Ss, Ss, Gd, Gd, Ds, Ds, Ss, Gd, Gd, Gd, Gd, Gd, Gd, Gd, Gd, Gd, Gd, Gd, Gd, Ds, Gd, Gd, Gd, Gd, Gd, Ss, Ss, Ds, Ss, Ds, Gd, Gd, Gd, Gd, Gd, Gd, Gd, Gd, Gd, Gd, Gd, Gd, Gd, Gd, Ss, Rp, Gd, Ss, Gd, Gd, Gd, Gd, Gd, Ss, Gd, Gd, Ss, Gd, Gd, Gd, Gd, Ss, Gd, Gd, Gd, Gd, Ss, Gd
Wot, Wot, Wot, Wot, Wot, Wot, Wot, Wot, Wot, Wot, Wot, Wot, Wot, Wot, Wot, Wot, Wot, Wot, Wot, Wot, Wot, Wot, Wot, Wwt, Wot, Wwt, Wwt, Wwt, Wwt, Wwt, Wwt, Wwt, Wwt, Ds, Gd, Gd, Gd, Ss, Ss, Gd, Ds, Ds, Gd, Gd, Ds, Gd, Ds, Ds, Gd, Ss, Gd, Gd, Ss, Ss, Ds, Ds, Gd, Ss, Ss, Ss, Gd, Gd, Ss, Ds, Gd, Gd, Gd, Gd, Gd, Gd, Gd, Gd, Gd, Ss, Gd, Gd, Gd, Gd, Gd, Ss, Rp, Gd, Gd, Ss, Ss, Gd, Gd, Gd, Ss, Gd, Ss, Ss, Gd, Gd, Gd, Gd, Ss, Gd, Ss, Gd, Gd, Ss, Gd
Wwt, Wot, Wot, Wot, Wot, Wot, Wot, Wot, Wot, Wot, Wot, Wot, Wot, Wot, Wot, Wot, Wot, Wot, Wot, Wot, Wot, Wot, Wot, Wot, Wot, Wot, Wot, Wot, Wot, Wwt, Wot, Wwt, Wwt, Wwt, Wwt, Gd, Gd, Gd, Ss, Ss, Ss, Gd, Gd, Gd, Gd, Ds, Ss, Ds, Gd, Gd, Ds, Gd, Gd, Gd, Gd, Ds, Ds, Gd, Gd, Ds, Ss, Ss, Gd, Gd, Ss, Ds, Ds, Gd, Ss, Ss, Gd, Gd, Gd, Ss, Ss, Gd, Gd, Gd, Ds, Ds, Rp, Ds, Ds, Gd, Ss, Gd, Gd, Gd, Ss, Ss, Gd, Gd, Ss, Ss, Gd, Gd, Ss, Gd, Ss, Ss, Gd, Ss, Gd
Wwt, Wwt, Wwt, Wot, Wot, Wot, Wot, Wot, Wot, Wot, Wot, Wot, Wot, Wot, Wot, Wot, Wot, Wot, Wot, Wot, Wot, Wot, Wot, Wot, Wot, Wot, Wot, Wot, Wot, Wot, Wot, Wot, Wot, Wwt, Wwt, Wwt, Wwt, Gd, Gd, Ss, Ss, Gd, Gd, Gd, Gd, Gd, Ss, Gd, Gd, Gd, Gd, Ds, Gd, Gd, Gd, Gd, Gd, Gd, Gd, Ds, Gd, Gd, Gd, Gd, Gd, Ss, Ds, Ds, Gd, Ss, Gd, Gd, Gd, Ds, Ss, Gd, Gd, Gd, Ds, Gd, Rp, Gd, Ds, Gd, Gd, Ss, Gd, Gd, Ss, Gd, Gd, Ss, Ss, Gd, Gd, Gd, Ss, Gd, Ss, Ss, Gd, Ss, Gd
Ds, Wwt, Ds, Wwt, Wwt, Wot, Wwt, Wot, Wot, Wot, Wot, Wot, Wot, Wot, Wot, Wot, Wot, Wot, Wot, Wot, Wot, Wot, Wot, Wot, Wot, Wot, Wot, Wot, Wot, Wot, Wot, Wot, Wot, Wot, Wot, Wwt, Wwt, Wwt, Wwt, Ds, Ds, Ss, Gd, Gd, Gd, Gd, Gd, Gd, Ds, Gd, Gd, Gd, Gd, Gd, Gd, Gd, Ss, Gd, Gd, Gd, Gd, Gd, Gd, Gd, Gd, Gd, Gd, Gd, Gd, Gd, Gd, Gd, Ds, Ds, Ss, Gd, Gd, Gd, Ss, Gd, Rp, Ss, Ss, Ds, Gd, Ss, Ss, Ss, Gd, Gd, Gd, Ss, Gd, Gd, Gd, Ss, Gd, Gd, Ss, Ss, Gd, Ss, Ss
Gg, Ds, Ds, Ds, Wwt, Wwt, Wwt, Wwt, Wwt, Wwt, Wwt, Wot, Wwt, Wot, Wwt, Wot, Wwt, Wot, Wot, Wot, Wot, Wot, Wot, Wot, Wot, Wot, Wot, Wot, Wot, Wot, Wot, Wot, Wot, Wot, Wot, Wot, Wot, Wwt, Wwt, Wwt, Ds, Gd, Gd, Gd, Gd, Gd, Gd, Ss, Ss, Ds, Ds, Gd, Gd, Gd^Vhr, Gd, Gd, Gd, Gd, Gd, Gd, Gd, Gd, Ss, Gd, Ss, Gd, Gd, Gd, Gd, Gd, Gd, Gd, Gd, Gd, Gd, Ss, Ss, Ss, Ss, Gd, Rp, Gd, Ss, Ds, Gd, Gd, Ss, Gd, Gd, Gd, Ss, Ss, Ss, Ss, Ss, Ss, Gd, Gd, Ss, Ss, Gd, Ss, Ss
Gg, Gg, Gg, Ds, Ds, Wwt, Wwt, Wwt, Wwt, Wwt, Wwt, Wwt, Wwt, Wwt, Wwt, Wwt, Wwt, Wwt, Wwt, Wwt, Wwt, Wot, Wwt, Wot, Wot, Wot, Wot, Wot, Wot, Wot, Wot, Wot, Wot, Wot, Wot, Wot, Wot, Wot, Wot, Wwt, Wwt, Ds, Gd, Gd, Ss, Ss, Ss, Gd, Gd, Ss, Ss, Ss, Gd, Gd, Gd, Gd, Ds, Gd, Gd, Gd, Gd, Gd, Gd, Ss, Gd, Ss, Ss, Ds, Ds, Gd, Gd, Gd, Ss, Gd, Gd, Gd, Ds, Ss, Gd, Ss, Ss, Gd, Ds, Gd, Gd, Gd, Ss, Ss, Gd, Gd, Ss, Ss, Gd, Gd, Gd, Gd, Gd, Gd, Ss, Ss, Gd, Ss, Ss
Rp, Rp, Rp, Gg, Gg, Ds, Ds, Wwt, Ds, Wwt, Ds, Wwt, Wwt, Wwt, Wwt, Wwt, Wwt, Wwt, Wwt, Wwt, Wwt, Wwt, Wwt, Wwt, Wwt, Wwt, Wwt, Wot, Wot, Wot, Wot, Wot, Wot, Wot, Wot, Wot, Wot, Wot, Wot, Wwt, Wwt, Ds, Ds, Ds, Gd, Ss, Ss, Ss, Ss, Gd, Gd, Gd, Gd, Ds, Ds, Gd, Gd, Ss, Ss, Gd, Gd, Gd, Gd, Gd, Gd, Ds, Gd, Ss, Ss, Ss, Ss, Gd, Gd, Ss, Ss, Gd, Gd, Gd, Ds, Gd, Rp, Ss, Ds, Gd, Gd, Gd, Ss, Ss, Ds, Gd, Ss, Ss, Gd, Gd, Ss, Gd, Gd, Gd, Ss, Ss, Gd, Ss, Gd
Gs^Fms, Gg, Gg, Rp, Rp, Rp, Rp, Ds, Gg, Ds, Ds, Ds, Ds, Ds, Ds, Ds, Ds, Wwt, Ds, Wwt, Ds, Wwt, Wwt, Wwt, Wwt, Wwt, Wwt, Wwt, Wwt, Wot, Wot, Wot, Wot, Wot, Wot, Wot, Wot, Wot, Wot, Wot, Wwt, Wwt, Ds, Ds, Ds, Gd, Gd, Gd, Gd, Ss, Ss, Ss, Ss, Gd, Gd, Gd, Gd, Gd, Ss, Ss, Ss, Ds, Gd, Gd, Gd, Ds, Ss, Ss, Ds, Gd, Ss, Gd, Gd, Gd, Gd, Ss, Ss, Gd, Gd, Ds, Rp, Gd, Ss, Gd, Gd, Gd, Ss, Gd, Ds, Gd, Ss, Ss, Gd, Gd, Ss, Gd, Gd, Gd, Ss, Gd, Gd, Ss, Gd
Gs^Fms, Gs^Fms, Gs^Fms, Gg, Gs^Fms, Gg, Gg, Rp, Rp, Rp, Rp, Rp, Rp, Gg, Rp, Ds, Gg, Ds, Gg, Ds, Ds, Ds, Ds, Wwt, Wwt, Wwt, Wwt, Wwt, Wwt, Wwt, Wwt, Wot, Wot, Wot, Wot, Wot, Wot, Wot, Wot, Wot, Wwt, Wwt, Wwt, Ds, Ds, Ds, Ds, Gd, Gd, Gd, Gd, Gd, Gd, Ss, Ss, Ss, Ss, Gd, Gd, Ss, Ss, Ds, Ds, Ss, Ss, Ss, Gd, Ds, Gd, Gd, Gd, Ss, Ss, Gd, Gd, Ss, Ss, Gd, Gd, Ds, Rp, Gd, Gd, Ss, Ss, Ss, Gd, Gd, Ds, Gd, Gd, Ss, Gd, Gd, Gd, Gd, Ss, Ss, Gd, Gd, Gd, Gd, Gd
Gs^Fms, Gs^Fms, Gs^Fms, Gs^Fms, Gs^Fms, Gs^Fms, Gs^Fms, Gs^Fms, Gs^Fms, Gs^Fms, Gs^Fms, Gs^Vh, Gg, Rp, Gg, Rp, Rp, Gg, Gg, Gg, Gg, Gg, Gg, Ds, Ds, Ds, Ds, Wwt, Ds, Wwt, Wwt, Wot, Wot, Wot, Wot, Wot, Wot, Wot, Wot, Wot, Wot, Wwt, Wwt, Wwt, Wwt, Ds, Wwt, Ds, Ds, Ds, Ds, Gd, Ds, Gd, Gd, Gd, Gd, Ss, Ss, Gd, Gd, Gd, Gd, Gd, Gd, Gd, Gd, Ds, Gd, Gd, Gd, Ds, Ss, Gd, Gd, Gd, Gd, Ss, Ss, Gd, Rp, Ss, Ss, Gd, Gd, Ss, Ss, Gd, Ds, Gd, Gd, Ss, Ss, Gd, Gd, Gd, Ss, Gd, Gd, Gd, Ss, Gd, Gd
Gs^Fms, Gs^Fms, Gs^Fms, Gs^Fms, Gs^Fms, Gs^Fms, Gs^Fms, Gs^Fms, Gs^Fms, Gs^Fms, Gs^Fms, Gs^Fms, Gs^Fms, Gs^Fms, Gs^Fms, Gg, Gg, Rp, Rp, Gg, Gg, Gg, Gg, Gg, Gg, Gg, Gg, Ds, Ds, Ds, Wwt, Wwt, Wwt, Wot, Wot, Wot, Wot, Wot, Wot, Wot, Wot, Wot, Wot, Wwt, Wwt, Wwt, Wwt, Wwt, Wwt, Ds, Wwt, Ds, Ds, Ds, Ds, Gd, Gd, Gd, Gd, Ss, Ss, Gd, Gd, Gd, Gd, Gd, Gd, Gd^Vhr, Gd, Gd, Gd, Ds, Ds, Ss, Ss, Gd, Gd, Gd, Ss, Gd, Rp, Ss, Ss, Gd, Gd, Ss, Ss, Gd, Gd, Ds, Gd, Ss, Ss, Gd, Ss, Ss, Gd, Gd, Ss, Ss, Gd, Gd, Gd
Gs^Fds, Gs^Fms, Gs^Fds, Gs^Fms, Gs^Fds, Gs^Fms, Gs^Fms, Gs^Fms, Gs^Fms, Gs^Fms, Gs^Fms, Gs^Fms, Gs^Fms, Gs^Fms, Gs^Fms, Gs^Fms, Gs^Fms, Gg, Gg, Rp, Rp, Gg, Gg, Gg, Gg, Gg, Gg, Gg, Gg, Ds, Ds, Wwt, Wwt, Wwt, Wwt, Wot, Wot, Wot, Wot, Wot, Wot, Wot, Wot, Wot, Wwt, Wwt, Wwt, Wwt, Wwt, Wwt, Wwt, Wwt, Wwt, Wwt, Wwt, Ds, Ds, Gd, Gd, Gd, Gd, Ss, Ss, Gd, Gd, Gd, Gd, Gd, Ds, Gd, Gd, Gd, Ds, Ds, Ss, Ss, Gd, Gd, Rp, Ss, Gd, Gd, Ss, Gd, Gd, Gd, Gd, Ss, Ss, Ds, Ds, Gd, Gd, Ss, Ss, Ss, Gd, Gd, Ss, Ss, Gd, Gd, Gd
Gs^Fds, Gs^Fds, Gs^Fds, Gs^Fds, Gs^Fds, Gs^Fds, Gs^Fds, Gs^Fds, Gs^Fds, Gs^Fms, Gs^Fds, Gs^Fms, Gs^Fms, Gs^Fms, Gs^Fms, Gs^Fms, Gs^Fms, Gs^Fms, Gs^Fms, Gg, Gg, Rp, Rp, Gg, Gg, Gg, Gg, Gg, Gg, Gg, Gg, Ds, Ds, Wwt, Wwt, Wwt, Wwt, Wwt, Wot, Wot, Wot, Wot, Wot, Wot, Wot, Wwt, Wot, Wot, Wot, Wwt, Wot, Wwt, Wot, Wwt, Wwt, Wwt, Wwt, Wwt, Wwt, Gd, Gd, Gd, Gd, Gd, Gd, Gd, Gd, Gd, Gd, Gd, Gd, Gd, Gd, Gd, Gd, Ss, Rp, Rp, Gd, Ds, Gd, Gd, Gd, Ss, Gd, Ds, Ds, Ss, Ss, Gd, Gd, Gd, Gd, Gd, Ss, Gd, Gd, Gd, Gd, Gd, Gd, Gd, Ss
Gs^Fds, Gs^Fds, Gs^Fds, Gs^Fds, Gs^Fds, Gs^Fds, Gs^Fds, Gs^Fds, Gs^Fms, Gs^Fms, Gs^Fms, Gs^Fds, Gs^Fds, Gs^Fms, Gs^Fds, Gs^Fms, Gs^Fms, Gs^Fms, Gs^Fms, Gs^Fms, Gs^Fms, Gg, Gg, Rp, Rp, Gg, Gg, Gg, Rb^Gvs, Rb^Gvs, Rb^Gvs, Gg, Gg, Ds, Ds, Wwt, Wwt, Wwt, Wwt, Wot, Wot, Wot, Wot, Wot, Wot, Wot, Wot, Wot, Wot, Wot, Wot, Wot, Wot, Wot, Wot, Wwt, Wwt, Wwt, Wwt, Wwt, Wwt, Gd, Ds, Gd, Ds, Gd, Ss, Ss, Ss, Gd, Gd, Ss, Ss, Gd, Gd, Ds, Rp, Ss, Ss, Ss, Gd, Gd, Gd, Gd, Ds, Ds, Gd, Gd, Ss, Ss, Ss, Ss, Ss, Ss, Ss, Gd, Gd, Gd, Gd, Gd, Ss, Ss, Gd
Gs^Fds, Gs^Fds, Gs^Fds, Gs^Fds, Gs^Fds, Gs^Fds, Gs^Fds, Gs^Fds, Gs^Fms, Gs^Fms, Gs^Fms, Gs^Fds, Gs^Fds, Gs^Fds, Gs^Fds, Gs^Fds, Gs^Fds, Gs^Fms, Gs^Fms, Gs^Fms, Gs^Fms, Gs^Fms, Gg, Gg, Rrc, Rp, Rp, Rb^Gvs, Rb^Gvs, Rb^Gvs, Rb^Gvs, Rb^Gvs, Rb^Gvs, Ds, Ds, Wwt, Wwt, Wwt, Wwt, Wot, Wot, Wot, Wot, Wot, Wot, Wot, Wot, Wot, Wot, Wot, Wot, Wot, Wot, Wot, Wot, Wot, Wot, Wwt, Wwt, Wwt, Wwt, Wwt, Ds, Gd, Ds, Gd, Gd, Ss, Ss, Ss, Gd, Ss, Ss, Ss, Ss, Gd, Ss, Gd, Ss, Ss, Ss, Gd, Ds, Ds, Gd, Gd, Ss, Ss, Ss, Ss, Ss, Ss, Ss, Ss, Ss, Ss, Ss, Gd, Ss, Ss, Gd, Gd, Gd
Gs^Fds, Gs^Fds, Gs^Fds, Gs^Fds, Gs^Fds, Gs^Fds, Gs^Fds, Gs^Fms, Gs^Fms, Gs^Fms, Gs^Fms, Gs^Fds, Gs^Fds, Gs^Fds, Gs^Fds, Gs^Fds, Gs^Fds, Gs^Fds, Gs^Fds, Gs^Fms, Gs^Fms, Gs^Fms, Rrc, Rrc, Gg, Gg, Gg, Rp, Rp, Rb^Gvs, Rb^Gvs, Rb^Gvs, Rb^Gvs, Rb^Gvs, Rb^Gvs, Ds, Ds, Wwt, Ds, Wwt, Wwt, Wot, Wot, Wot, Wot, Wot, Wot, Wot, Wot, Wot, Wot, Wot, Wot, Wot, Wot, Wot, Wot, Wot, Wot, Wwt, Wwt, Wwt, Wwt, Ds, Gd, Ds, Gd, Gd, Gd, Ss, Ss, Gd, Gd, Ss, Gd, Ss, Rp, Ss, Gd, Gd, Gd, Ss, Ss, Gd, Ss, Ss, Ss, Ss, Ss, Ss, Ss, Ss, Ss, Gd, Ss, Ss, Ss, Ss, Gd, Gd, Gd, Gd, Gd
Gs^Fds, Gs^Fds, Gs^Fds, Gs^Fds, Gs^Fds, Gs^Fds, Gs^Fds, Gs^Fms, Gs^Fms, Gs^Fms, Gs^Fds, Gs^Fds, Gs^Fds, Gs^Fds, Gs^Fds, Gs^Fds, Cv, Gs^Fds, Gs^Fds, Gs^Fds, Rrc, Rrc, Gs^Fds, Gg, Gg, Gg, Rb^Gvs, Gg, Gg, Rp, Rp, Rb^Gvs, Rb^Gvs, Rb^Gvs, Rb^Gvs, Rb^Gvs, Rb^Gvs, Ds, Ds, Wwt, Wwt, Wwt, Wwt, Wot, Wot, Wot, Wot, Wot, Wot, Wot, Wot, Wot, Wot, Wot, Wot, Wot, Wot, Wot, Wot, Wot, Wot, Wwt, Wwt, Ds, Ds, Ds, Gd, Gd, Gd, Gd, Gd, Ss, Ss, Gd, Gd, Gd, Rp, Gd, Gd, Gd, Gd, Ds, Gd, Ss, Ss, Ss, Ss, Ss, Gd, Ss, Ss, Gd, Ss, Ss, Ss, Ss, Ss, Ss, Ss, Gd, Gd, Gd, Ss
Gs^Fds, Gs^Fds, Gs^Fds, Gs^Fds, Gs^Fds, Gs^Fds, Gs^Fms, Gs^Fms, Gs^Fms, Gs^Fms, Gll^Fp, Gs^Fds, Gll^Fp, Gs^Fds, Gll^Fp, Gs^Fds, Cv, Cv, Cv, Rrc, Gs^Fds, Gs^Fds, Gs^Fds, Gs^Fds, Gs^Fds, Rb^Gvs, Rb^Gvs, Rb^Gvs, Rb^Gvs, Gg, Gg, Rp, Rb^Gvs, Rb^Gvs, Rb^Gvs, Rb^Gvs, Rb^Gvs, Ce, Ce, Ds, Wwt, Wwt, Wwt, Wwt, Wot, Wot, Wot, Wot, Wot, Wot, Wot, Wot, Wot, Wot, Wot, Wot, Wot, Wot, Wot, Wot, Wot, Wwt, Wwt, Wwt, Ds, Gd, Gd, Gd, Gd, Gd, Gd, Gd, Ss, Ss, Gd, Rp, Gd, Ss, Ss, Ss, Gd, Ds, Gd, Ss, Gd, Ss, Ss, Ss, Ss, Ss, Ss, Ss, Ss, Ss, Ss, Ss, Ss, Ss, Ss, Gd, Gd, Gd, Ss
Gs^Fds, Gs^Fds, Gs^Fms, Gs^Fds, Gs^Fds, Gs^Fds, Gs^Fms, Gs^Fms, Gs^Fms, Gs^Fms, Gll^Fp, Gll^Fp, Gll^Fp, Gll^Fp, Cv, Cv, Gg^Ve, Gg^Ve, Cv, Cv, Gs^Fds, Gs^Fds, Gs^Fds, Gs^Fds, Gs^Fds, Gs^Fds, Gs^Fds, Rb^Gvs, Rb^Gvs, Rb^Gvs, Rb^Gvs, Rp, Rp, Rb^Gvs, Rb^Gvs, Rb^Gvs, Gg, Gg, Ce, Ds, Ds, Wwt, Wwt, Wwt, Wwt, Wot, Wot, Wot, Wot, Wot, Wot, Wot, Wot, Wot, Wot, Wot, Wot, Wot, Wot, Wot, Wot, Wot, Wwt, Wwt, Ds, Gd, Gd, Gd, Ss, Gd, Gd, Gd, Gd, Ss, Ss, Rp, Gd, Gd, Gd, Gd, Ds, Ds, Gd, Gd, Gd, Ss, Ss, Ss, Ss, Ss, Ss, Gd, Ss, Ss, Ss, Ss, Ss, Gd, Ss, Gd, Ss, Ss, Gd
Gs^Fds, Gs^Fms, Gs^Fms, Gs^Fms, Gs^Fds, Gs^Fds, Gs^Fms, Gs^Fms, Gs^Fms, Gs^Fms, Gll^Fp, Gll^Fp, Gll^Fp, Gll^Fp, 3 Kv, Gg^Ve, Gg^Ve, Gg^Ve, Cv, Cv, Gs^Fds, Gs^Fds, Gs^Fds, Gs^Fds, Gs^Fds, Gs^Fds, Gs^Fds, Rb^Gvs, Rb^Gvs, Rb^Gvs, Rb^Gvs, Rb^Gvs, Rb^Gvs, Rp, Rp, Gg, Gg, Gg, Gg, Gg, Ds, Wwt, Wwt, Wwt, Wwt, Wwt, Wwt, Wot, Wot, Wot, Wot, Wot, Wot, Wot, Wot, Wot, Wot, Wot, Wot, Wot, Wot, Wot, Wot, Wwt, Wwt, Ds, Gd, Gd, Gd, Ss, Ss, Gd, Gd, Gd, Rp, Ss, Ss, Gd, Ss, Ds, Gd, Gd, Gd, Ss, Ss, Ss, Ss, Ss, Ss, Gd, Ss, Ss, Ss, Ss, Ss, Ss, Ss, Ss, Ss, Ss, Gd, Gd, Gd
Gs^Fds, Gs^Fms, Gs^Fms, Gs^Fms, Gs^Fms, Gs^Fds, Gs^Fds, Gs^Fms, Gs^Fms, Gs^Fms, Gs^Fms, Gll^Fp, Cv, Cv, Gg^Ve, Gg^Ve, Gg^Ve, Gg^Ve, Cv, Gs^Fds, Gs^Fds, Gs^Fds, Gs^Fds, Gs^Fds, Gs^Fds, Gs^Fds, Gs^Fds, Gs^Fds, Gg, Rb^Gvs, Rb^Gvs, Rb^Gvs, Rb^Gvs, Rb^Gvs, Gg, Rp, Gg, Gg, Gg^Vwm, Gg, Gg, Ds, Ds, Wwt, Wwt, Wwt, Wwt, Wwt, Wwt, Wot, Wot, Wot, Wot, Wot, Wot, Wot, Wot, Wot, Wot, Wot, Wot, Wot, Wot, Wot, Wwt, Ds, Ds, Gd, Uu^Vu, Gd, Gd, Ss, Ss, Ss, Ss, Ss, Ss, Ss, Gd, Ss, Ss, Ss, Ss, Ss, Ss, Ss, Ss, Ss, Ss, Ss, Ss, Ss, Wwt, Ss, Ss, Ss, Ss, Ss, Ss, Ss, Gd, Ds, Ds
Gs^Fds, Gs^Fms, Gs^Fms, Gs^Fms, Gs^Fms, Gs^Fds, Gs^Fds, Gs^Fms, Gs^Fms, Gs^Fms, Gs^Fms, Cv, Gg^Ve, Gg^Ve, Gg^Ve, Gg^Ve, Cv, Cv, Gs^Fms, Gs^Fds, Gs^Fds, Gs^Fds, Gs^Fds, Gs^Fds, Gs^Fds, Gs^Fds, Gs^Fds, Gs^Fds, Gs^Fds, Gg, Gg, Rb^Gvs, Gg^Vwm, Gg, Gg^Vwm, Rp, Rp, Gg, Gg, Gg, Gg, Gg, Ds, Wwt, Wwt, Wwt, Wwt, Wwt, Wwt, Wwt, Wwt, Wot, Wot, Wot, Wot, Wot, Wot, Wot, Wot, Wot, Wot, Wot, Wot, Wot, Wwt, Wwt, Wwt, Uu^Vu, Cte, Cte, Cte, Gd, Rp, Rp, Gd, Gd, Gd, Gd, Ds, Ds, Ds, Gd, Gd, Gd, Gd, Ss, Ss, Gd, Ss, Ss, Wwt, Wwt, Wwt, Wwt, Wwt, Ss, Ss, Ss, Ss, Ss, Gd, Gd, Gd
Gs^Fds, Gs^Fms, Gs^Fms, Gs^Fms, Gs^Fms, Gs^Fds, Gs^Fds, Gs^Fds, Gs^Fms, Gs^Fms, Gs^Fms, Cv, Cv, Gg^Ve, Cv, Cv, Cv, Cv, Gs^Fds, Gs^Fds, Gs^Fds, Gs^Fds, Gs^Fds, Gs^Fds, Gs^Fds, Gs^Fds, Gs^Fds, Gs^Fds, Gs^Fds, Gs^Fds, Gg, Gg, Gg, Gs^Vh, Gs^Vh, Gg, Gg, Rp, Gg, Gs^Vh, Gg, Ce, Ce, Ds, Gg, Wwt, Wwt, Wwt, Wwt, Wwt, Wwt, Wwt, Wwt, Wot, Wot, Wot, Wot, Wot, Wot, Wot, Wot, Wot, Wot, Wot, Wwt, Wwt, Wwt, Wwt, Wwt, 4 Kte, Rp, Rp, Cte, Gd, Gd, Gd, Ss, Gd, Gd, Ds, Gd, Ds, Ds, Gd, Gd, Ss, Ss, Ss, Ss, Ss, Wwt, Wwt, Wwt, Wwt, Wwt, Wwt, Wwt, Ss, Ss, Ss, Gd, Gd, Gd
Gs^Fds, Gs^Fds, Gs^Fms, Gs^Fms, Gs^Fms, Gs^Fds, Gs^Fds, Gs^Fds, Gs^Fds, Gs^Fms, Gg^Ve, Gg^Ve, Cv, Cv, Cv, Cv, Gs^Fms, Gs^Fms, Gs^Fms, Gs^Fms, Gs^Fms, Gs^Fds, Gs^Fms, Gs^Fds, Gs^Fms, Gs^Fds, Gs^Fds, Gs^Fds, Gs^Fds, Gs^Fds, Gs^Fds, Gg, Gs^Vh, Gs^Vh, Gs^Vh, Gs^Vh, Gs^Vh, Rp, Rp, Gg, Gg, Gg, Gs^Vh, Ce, Gg, Gg, Gg, Ce, Ce, Wwt, Wwt, Wwt, Wwt, Wwt, Wwt, Wwt, Wwt, Wot, Wot, Wot, Wot, Wot, Wot, Wot, Wot, Wwt, Wwt, Wwt, Wwt^Bsb/, Wwt^Bsb/, Wwt, Cte, Cte, Uu^Vu, Gd, Gd, Gd, Ss, Ss, Ss, Ss, Gd, Gd, Ds, Gd, Gd, Gd, Gd, Ss, Ss, Wwt, Wwt, Wot, Wot, Wot, Wwt, Wwt, Ss, Ss, Ss, Ss, Gd, Gd
Gs^Fds, Gs^Fds, Gs^Fms, Gs^Fms, Gs^Fms, Gs^Fms, Gs^Fds, Gs^Fds, Gs^Fds, Gg^Ve, Gg^Ve, Gg^Ve, Gg^Ve, Gg^Ve, Gs^Fms, Gs^Fms, Gs^Fms, Gs^Fms, Gs^Fms, Gs^Fms, Gs^Fms, Gs^Fms, Gs^Fms, Gs^Fms, Gs^Fms, Gs^Fms, Gs^Fms, Gs^Fds, Gs^Fds, Gs^Fds, Gs^Fds, Gg, Gg, Gs^Vh, Gs^Vh, Gs^Vh, Ce, Ce, Ket, Ket, Ket, Gs^Vh, Gs^Vh, Gs^Vh, Gg, Gg, Gs^Vh, Gs^Vh, Gs^Vh, Ce, Gg, Wwt, Wwt, Wwt, Wwt, Wwt, Wwt, Wwt, Wwt, Wot, Wot, Wot, Wot, Wot, Wot, Wot, Wot^Bsb/, Wwt^Bsb/, Wwt, Wwt, Wwt, Wwt, Wwt, Ds, Ds, Gd, Ds, Gd, Gd, Ss, Gd, Ss, Ss, Ss, Ss, Gd, Gd, Ss, Ss, Ss, Wwt, Wwt, Wwt, Wot, Wwt, Wwt, Wwt, Wwt, Ss, Ss, Ss, Ss, Ss
Gs^Fds, Gs^Fds, Gs^Fms, Gs^Fms, Gs^Fms, Gs^Fms, Gs^Fms, Gs^Fds, Gs^Fds, Gg^Ve, Gg^Ve, Gg^Ve, Gs^Fms, Gs^Fms, Gs^Fms, Gs^Fms, Gs^Fms, Gs^Fms, Gs^Fms, Gs^Fms, Gs^Fms, Gs^Fms, Gs^Fms, Gs^Fms, Gs^Fms, Gs^Fms, Gs^Fms, Gs^Fms, Gs^Fds, Gs^Fds, Gs^Fds, Gs^Fds, Gg, Gs^Vh, Gs^Vh, Ce, Gs^Vh, Gs^Vh, Gs^Vh, Ce, Gs^Vh, Ce, Ce, Gg, Gs^Vh, Gg, Gg, Gs^Vh, Gg, Gg, Gg, Gg, Ce, Wwt, Wwt, Wwt, Wwt, Wwt, Wwt, Wwt, Wot, Wot, Wot, Wot, Wot^Bsb/, Wot^Bsb/, Wot, Wot, Wot, Wwt, Wwt, Wwt, Wwt, Wwt, Wwt, Ds, Wwt, Ds, Ds, Ds, Ds, Gd, Ds, Ss, Gd, Ss, Ss, Ss, Ss, Gd, Gd, Wwt, Wwt, Wwt, Wwt, Wwt, Wwt, Wwt, Ss, Ss, Ss, Gd, Gd
Gs^Fds, Gs^Fds, Gs^Fds, Gs^Fms, Gs^Fms, Gs^Fms, Gs^Fms, Gs^Fms, Gs^Fms, Gs^Fds, Gs^Fds, Gs^Fms, Gs^Fms, Gs^Fms, Gs^Fms, Gs^Fms, Gs^Fms, Gs^Fms, Gs^Fms, Gs^Fds, Gs^Fds, Gs^Fms, Gs^Fms, Gs^Fms, Gs^Fms, Gs^Fms, Gs^Fms, Gs^Fms, Gs^Fms, Gs^Fds, Gs^Fds, Gs^Fds, Gg, Gg, Ce, Ce, Gs^Vh, Gs^Vh, Gs^Vh, Rr, Gs^Vh, Gs^Vh, Rr^Vhc, Ce, Ce, Gg, Gg, Gg, Gg, Gg, Gg, Gg, Gg, Ce, Ds, Wwt, Ds, Wwt, Wwt, Wwt, Wwt, Wot, Wot^Bsb/, Wot^Bsb/, Wot, Wot, Wot, Wot, Wot, Wot, Wot, Wwt, Wot, Wot, Wot, Wwt, Wot, Wwt, Wwt, Wwt, Wwt, Ds, Wwt, Ds, Ds, Ds, Ds, Gd, Gd, Gd, Ds, Gd, Gd, Wwt, Wwt, Wwt, Wwt, Wwt, Ss, Ss, Ss, Gd, Gd
Gs^Fds, Gs^Fds, Gs^Fds, Gs^Fds, Gs^Fms, Gs^Fms, Gs^Fms, Gs^Fms, Gs^Fms, Gs^Fms, Gs^Fms, Gs^Fms, Gs^Fms, Gs^Fms, Gll^Fp, Gs^Fms, Gs^Fms, Gs^Fms, Gs^Fds, Gs^Fds, Gs^Fms, Gs^Fms, Gs^Fms, Gs^Fms, Gs^Fms, Gs^Fms, Gs^Fms, Gs^Fms, Gs^Fms, Gs^Fds, Gs^Fds, Gs^Fds, Gs^Fds, Gg, Ce, Gs^Vh, Gs^Vh, Rr^Vhc, Gs^Vh, Rr, Rr, Gs^Vh, Gs^Vh, Gs^Vh, Gs^Vh, Ce, Ce, Gg, Gg, Gg, Gg, Gg, Gg, Ce, Gg, Ds, Ce, Ds, Ds, Wwt, Wwt^Bsb/, Wwt^Bsb/, Wot, Wot, Wot, Wot, Wot, Wot, Wot, Wot, Wot, Wot, Wot, Wot, Wot, Wot, Wot, Wot, Wot, Wot, Wot, Wwt, Wot, Wwt, Wwt, Wwt, Wwt, Ds, Ds, Ds, Ds, Ds, Ds, Wwt, Wwt, Wwt, Wwt, Wwt, Wwt, Ss, Ss, Gd, Gd
Gs^Fds, Gs^Fds, Gs^Fds, Gs^Fds, Gs^Fds, Gs^Fms, Gs^Fms, Gs^Fms, Gs^Fms, Gs^Fms, Gs^Fms, Gs^Fms, Gs^Fms, Gs^Fms, Gs^Fms, Gs^Fms, Gs^Fms, Gs^Fms, Gs^Fms, Gs^Fms, Gs^Fms, Gs^Fms, Gs^Fms, Gs^Fms, Gs^Fms, Gs^Fms, Gs^Fms, Gs^Fms, Gs^Fds, Gs^Fds, Gs^Fds, Gs^Fds, Gs^Fds, Ce, Gs^Vh, Gs^Vh, Gs^Vh, Gs^Vh, Gs^Vh, Gg^Ve, Gs^Vh, Rr, Gs^Vh, Gs^Vh, Gs^Vh, Gs^Vh, Gs^Vh, Ce, Ket, Gg, Gs^Vh, Gg, Gg, Gg, Gg, Gg, Gg, Ce, Rr, Ds^Bsb/, Wwt, Wwt, Wwt, Wot, Wwt, Wot, Wot, Wot, Wot, Wot, Wot, Wot, Wot, Wot, Wot, Wot, Wot, Wot, Wot, Wot, Wot, Wot, Wot, Wot, Wot, Wwt, Wot, Wwt, Wwt, Wwt, Wwt, Ds, Wwt, Ds, Wwt, Wwt, Wwt, Wwt, Wwt, Ss, Ss, Gd, Gd
Gs^Fds, Gs^Fds, Gs^Fds, Gs^Fds, Gs^Fds, Gs^Fds, Gs^Fds, Gs^Fms, Gs^Fds, Gs^Fms, Gs^Fms, Gs^Fms, Gs^Fms, Gs^Fms, Gs^Fms, Gs^Fms, Gs^Fms, Gs^Fms, Gs^Fms, Gs^Fms, Gs^Fms, Gs^Fms, Gs^Fms, Gs^Fms, Gs^Fms, Gs^Fms, Gs^Fds, Gs^Fds, Gs^Fds, Gs^Fds, Gs^Fds, Gs^Fds, Gs^Fds, Ce, Gs^Vh, Gs^Vh, Gs^Vh, Rr^Vhc, Gs^Vh, Gs^Vh, 2 Ket, Ce, Ce, Ce, Rr^Cov, Rr^Cov, Rr^Cov, Rr^Cov, Ket, Rr, Rr, Rr, Rr, Gs^Vh, Rr, Gg, Rr, Rr, Ce, Ds, Ds, Wwt, Wwt, Wwt, Wwt, Wwt, Wot, Wot, Wot, Wot, Wot, Wot, Wot, Wot, Wot, Wot, Wot, Wot, Wot, Wot, Wot, Wot, Wot, Wot, Wot, Wot, Wot, Wot, Wot, Wot, Wot, Wwt, Wwt, Wwt, Wwt, Wwt, Wwt, Wwt, Wwt, Ss, Ss, Gd, Gd
Gs^Fds, Gs^Fds, Gs^Fds, Gs^Fds, Gs^Fds, Gs^Fds, Gs^Fds, Gs^Fds, Gs^Fds, Gs^Fds, Gs^Fms, Gs^Fms, Gs^Fms, Gs^Fms, Gs^Fms, Gs^Fms, Gs^Fms, Gs^Fms, Gs^Fms, Gs^Fms, Gs^Fms, Gs^Fms, Gs^Fms, Gs^Fms, Gs^Fds, Gs^Fds, Gs^Fds, Gs^Fds, Gs^Fds, Gs^Fds, Gs^Fds, Gs^Fds, Gs^Fds, Ce, Gs^Vh, Gs^Vh, Rr^Vhc, Gs^Vh, Rr, Rr, Gs^Vh, Ce, Gs^Vh, Ce, Gs^Vh, Rr^Cov, Gs^Vh, Rr^Cov, Ce, Gs^Vh, Gs^Vh, Gg, Gs^Vh, Rr, Gg, Rr, Rr, Gg, Ce, Gg, Gg, Ds, Wwt, Wwt, Wwt, Wwt, Wwt, Wot, Wot, Wot, Wot, Wot, Wot, Wot, Wot, Wot, Wot, Wot, Wot, Wot, Wot, Wot, Wot, Wot, Wot, Wot, Wot, Wot, Wot, Wot, Wot, Wot, Wot, Wot, Wot, Wwt, Wwt, Wwt, Wwt, Gd, Gd, Gd, Gd
Gs^Fds, Gs^Fds, Gs^Fds, Gs^Fds, Gs^Fds, Gs^Fds, Gs^Fds, Gs^Fds, Gs^Fds, Gs^Fms, Gs^Fms, Gs^Fms, Gs^Fms, Gll^Fp, Gs^Fms, Gs^Fms, Gs^Fms, Gll^Fp, Gll^Fp, Gs^Fds, Gs^Fms, Gs^Fms, Gs^Fms, Gs^Fds, Gs^Fds, Gs^Fds, Gs^Fds, Gs^Fds, Gs^Fds, Gs^Fds, Gs^Fds, Gs^Fds, Gs^Fds, Ce, Ce, Gs^Vh, Gs^Vh, Gs^Vh, Rr, Gs^Vh, Gs^Vh, Gs^Vh, Gs^Vh, Gs^Vh, Gs^Vh, Gs^Vh, Gs^Vh, Gs^Vh, Ce, Gs^Vh, Gs^Vh, Gg, Gg, Gg, Gg, Gg, Gg, Rr, Rr, Gg, Ce, Ds, Ds, Wwt, Wwt, Wwt, Wwt, Wwt, Wwt, Wot, Wot, Wot, Wot, Wot, Wot, Wot, Wot, Wot, Wot, Wot, Wot, Wot, Wot, Wot, Wot, Wot, Wot, Wot, Wot, Wot, Wot, Wot, Wot, Wot, Wot, Wot, Wot, Wwt, Wot, Wwt, Wwt, Gd, Gd
Gs^Fds, Gs^Fds, Gs^Fds, Gs^Fds, Gs^Fms, Gs^Fds, Gs^Fds, Gs^Fds, Gs^Fds, Gs^Fms, Gs^Fms, Gs^Fms, Gs^Fms, Gll^Fp, Gs^Fms, Gs^Fms, Gs^Fms, Gll^Fp, Gll^Fp, Gll^Fp, Gs^Fms, Gs^Fms, Gs^Fms, Gs^Fds, Gs^Fds, Gs^Fds, Gs^Fds, Gs^Fds, Gs^Fds, Gs^Fds, Gs^Fds, Gs^Fds, Gg, Gg, Ce, Gs^Vh, Gs^Vh, Gs^Vh, Rr, Gg^Ve, Gs^Vh, Gs^Vh, Gs^Vh, Rr^Vhc, Gs^Vh, Gs^Vh, Gs^Vh, Gs^Vh, Ce, Gs^Vh, Gs^Vh, Gs^Vh, Gs^Vh, Gg, Gg, Gs^Vh, Rb^Gvs, Gg^Vwm, Gg, Rr, Rr, Ce, Gg, Gg, Gg, Ds, Ds, Wwt, Ds, Wwt, Wwt, Wwt, Wwt, Wwt, Wwt, Wot, Wwt, Wot, Wwt, Wwt, Wwt, Wot, Wot, Wot, Wot, Wot, Wot, Wot, Wot, Wot, Wot, Wot, Wot, Wot, Wot, Wot, Wot, Wot, Wot, Wot, Wot, Wwt, Gd
Gs^Fds, Gs^Fds, Gs^Fms, Gs^Fms, Gs^Fms, Gs^Fms, Gs^Fms, Gs^Fds, Gs^Fds, Gs^Fms, Gs^Fms, Gs^Fms, Gll^Fp, Gs^Fms, Gs^Fms, Gs^Fms, Gs^Fms, Gll^Fp, Gll^Fp, Gll^Fp, Gs^Fms, Gs^Fms, Gs^Fms, Gs^Fds, Gs^Fds, Gs^Fds, Gs^Fds, Gs^Fds, Gs^Fds, Gs^Fds, Gs^Fds, Gs^Fds, Gg, Gg, Gg, Ce, Ce, Rr, Gs^Vh, Gs^Vh, Gs^Vh, Gs^Vh, Gs^Vh, Gs^Vh, Gs^Vh, Gs^Vh, Ce, Ce, Gs^Vh, Gs^Vh, Gs^Vh, Gs^Vh, Gs^Vh, Gg, Rb^Gvs, Rb^Gvs, Rb^Gvs, Rb^Gvs, Rb^Gvs, Gg, Gg, Rr, Rr, Gg, Gg, Gg, Gg, Ds, Gg, Ds, Ds, Ds, Ds, Wwt, Ds, Wwt, Wwt, Wwt, Ds, Wwt, Wwt, Wwt, Wwt, Wot, Wwt, Wot, Wwt, Wwt, Wwt, Wot, Wot, Wot, Wot, Wot, Wot, Wot, Wot, Wot, Wot, Wot, Wot, Wwt, Wwt
Gs^Fms, Gs^Fms, Gs^Fms, Gs^Fms, Gs^Fms, Gs^Fms, Gs^Fms, Gs^Fms, Gs^Fms, Gs^Fms, Gs^Fms, Gs^Fms, Gs^Fms, Gs^Fms, Gs^Fms, Gs^Fms, Gs^Fds, Gs^Fds, Gs^Fds, Gs^Fds, Gs^Fms, Gs^Fms, Gs^Fms, Gs^Fds, Gs^Fds, Gs^Fds, Gs^Fds, Gs^Fds, Gs^Fds, Gs^Fds, Gs^Fds, Gs^Fds, Gg, Gg, Gg, Ket, Ket, Ce, Ce, Gs^Vh, Ce, Gs^Vh, Ce, Ce, Ce, Ce, Gg, Ce, Rb^Gvs, Gg, Gg, Gs^Vh, Gs^Vh, Gg, Gg, Rb^Gvs, Rb^Gvs, Rb^Gvs, Ce, Ce, Rb^Gvs, Rb^Gvs, Rb^Gvs, Rr, Rr, Rr, Rr, Gg, Gg, Gg, Gg, Gg, Gg, Ds, Gg, Ds, Ds, Ds, Gg, Ds, Ds, Wwt, Wwt, Wwt, Wwt, Wwt, Wwt, Wwt, Wwt, Wwt, Wwt, Wwt, Wwt, Wot, Wot, Wot, Wot, Wot, Wot, Wot, Wot, Wot, Wot
Gs^Fms, Gs^Fms, Gs^Fms, Gs^Fms, Gs^Fds, Gs^Fms, Gs^Fms, Gs^Fms, Gs^Fms, Gs^Fms, Gs^Fms, Gs^Fms, Gs^Fms, Gs^Fms, Gs^Fms, Gs^Fms, Gs^Fds, Gs^Fds, Gs^Fds, Gs^Fds, Gs^Fms, Gs^Fms, Gs^Fms, Gs^Fds, Gs^Fds, Gs^Fds, Gs^Fds, Gs^Fds, Gs^Fds, Gs^Fds, Gs^Fds, Gg, Gg, Gg, Rr, Rr, Gg, Gs^Vh, Gs^Vh, Ce, Gs^Vh, Ce, Gs^Vh, Gs^Vh, Gs^Vh, Gg, Rb^Gvs, Rb^Gvs, Rb^Gvs, Rb^Gvs, Rb^Gvs, Gg, Gg, Gg, Ce, Gg, Gg, Rb^Gvs, Gg, Rb^Gvs, Rb^Gvs, Rb^Gvs, Rb^Gvs, Rb^Gvs, Rb^Gvs, Rb^Gvs, Rb^Gvs, Rr, Rr, Rr, Rr, Gg, Rr, Gg, Gg, Gg, Gg, Gg, Gg, Gg, Gg, Ds, Ds, Wwt, Ds, Wwt, Ds, Wwt, Wwt, Wwt, Wwt, Wwt, Wwt, Wwt, Wwt, Wwt, Wot, Wot, Wot, Wot, Wot, Wot, Wot
Gs^Fms, Gs^Fms, Gs^Fms, Gs^Fds, Gs^Fds, Gs^Fds, Gs^Fms, Gs^Fms, Gs^Fms, Gs^Fms, Gs^Fms, Gs^Fms, Gs^Fms, Gs^Fms, Gs^Fds, Gs^Fds, Gs^Fds, Gs^Fds, Gs^Fds, Gs^Fds, Gs^Fms, Gs^Fms, Gs^Fms, Gs^Fds, Gs^Fds, Gs^Fds, Gs^Fds, Gs^Fds, Gs^Fds, Gs^Fds, Gs^Fds, Gs^Fds, Rr, Rr, Gg, Gg, Gg, Gs^Vh, Gs^Vh, Gs^Vh, Gg, Gg^Vwm, Gg, Gs^Vh, Gs^Vh, Gg, Gg, Rb^Gvs, Rb^Gvs, Rb^Gvs, Gg, Gg, Gs^Fds, Ce, Gs^Fds, Gg, Gs^Fds, Gs^Fds, Gs^Fds, Gs^Fds, Gs^Fds, Rb^Gvs, Rb^Gvs, Rb^Gvs, Rb^Gvs, Rb^Gvs, Rb^Gvs, Rb^Gvs, Rb^Gvs, Gg, Gg, Rr, Gg, Rp, Rp, Gg, Rp, Gg, Gg, Gg, Gg, Gg, Gg, Ds, Gg, Ds, Gg, Ds, Ds, Wwt, Wwt, Wwt, Wwt, Wwt, Ds, Wwt, Wwt, Wot, Wot, Wot, Wot, Wot, Wot
Gs^Fms, Gs^Fms, Gs^Fms, Gs^Fds, Gs^Fds, Gs^Fds, Gs^Fds, Gs^Fms, Gs^Fds, Gs^Fms, Gs^Fms, Gs^Fms, Gs^Fds, Gs^Fds, Gs^Fds, Gs^Fds, Gs^Fds, Gs^Fds, Gs^Fds, Gs^Fds, Gs^Fms, Gs^Fms, Gs^Fms, Gs^Fms, Gs^Fds, Gs^Fds, Gs^Fds, Gs^Fds, Gs^Fms, Gs^Fds, Rr, Rr, Gs^Fds, Gg, Gs^Fds, Gg, Gg, Gs^Vh, Gg, Gg, Gg, Gg, Gg, Gg, Gg, Gg, Gs^Fds, Gg, Gs^Fds, Gs^Fds, Gs^Fds, Gs^Fds, Gs^Fds, Gs^Fds, Gs^Fds, Gs^Fds, Gs^Fds, Gs^Fds, Gs^Fds, Gs^Fds, Gs^Fds, Gs^Fds, Gs^Fds, Rb^Gvs, Rb^Gvs, Rb^Gvs, Rb^Gvs, Rb^Gvs, Rb^Gvs, Rb^Gvs, Rb^Gvs, Gg, Gg, Gg, Gg, Rp, Gg, Rp, Rp, Gg, Rp, Gg, Rp, Gg, Gg, Gg, Gg, Gg, Gg, Ds, Ds, Ds, Ds, Ds, Ds, Ds, Ds, Wwt, Wwt, Wot, Wot, Wot, Wot
Gs^Fms, Gs^Fms, Gs^Fms, Gs^Fds, Gs^Fds, Gs^Fds, Gs^Fds, Gs^Fds, Gs^Fds, Gs^Fms, Gs^Fms, Gs^Fms, Gs^Fds, Gs^Fds, Gs^Fds, Gs^Fds, Gs^Fds, Gs^Fds, Gs^Fds, Gs^Fds, Gs^Fds, Gs^Fms, Gs^Fms, Gs^Fms, Gs^Fms, Gs^Fds, Gs^Fds, Gs^Fms, Rp, Rp, Gs^Fms, Gs^Fms, Gs^Fds, Gs^Fds, Gs^Fds, Gs^Fds, Gs^Fds, Gs^Fds, Gs^Fds, Gs^Fds, Gs^Fds, Gs^Fds, Gs^Fds, Gs^Fds, Gs^Fds, Gs^Fds, Gs^Fds, Gs^Fds, Gs^Fds, Gs^Fds, Gs^Fds, Gs^Fds, Gs^Fds, Gs^Fds, Gs^Fds, Gs^Fds, Gs^Fds, Gs^Fds, Gs^Fds, Gs^Fds, Gs^Fds, Gs^Fds, Gs^Fds, Gs^Fds, Gs^Fds, Rb^Gvs, Gs^Fds, Rb^Gvs, Gs^Fds, Rb^Gvs, Rb^Gvs, Rb^Gvs, Gg, Gg, Gg, Gg, Gg, Gg, Gg, Rp, Gg, Rp, Gg, Rp, Rp, Gg, Gg, Gg, Gg, Gg, Gg, Ds, Gg, Ds, Ds, Ds, Ds, Ds, Wwt, Wwt, Wwt, Wot, Wot
Gs^Fms, Gs^Fms, Gs^Fms, Gs^Fds, Gs^Fds, Gs^Fds, Gs^Fds, Gs^Fds, Gs^Fds, Gs^Fms, Gs^Fms, Gs^Fms, Gs^Fms, Gs^Fms, Gs^Fms, Gs^Fds, Gs^Fds, Gs^Fds, Gs^Fds, Gs^Fds, Gs^Fds, Gs^Fms, Gs^Fms, Gs^Fms, Gs^Fds, Gs^Fds, Rp, Rp, Gs^Fms, Gs^Fms, Gs^Fms, Gs^Fms, Gs^Fds, Gs^Fds, Gs^Fds, Gs^Fds, Gs^Fds, Gs^Fds, Gs^Fds, Gs^Fds, Gs^Fds, Gs^Fds, Gs^Fds, Gs^Fds, Gs^Fds, Gs^Fds, Gs^Fds, Gs^Fds, Gs^Fds, Gs^Fds, Gs^Fds, Gs^Fds, Gs^Fds, Gs^Fds, Gs^Fms, Gs^Fds, Gs^Fms, Gs^Fds, Gs^Fds, Gs^Fds, Gs^Fds, Gs^Fds, Gs^Fds, Gs^Fds, Gs^Fds, Gs^Fds, Gs^Fds, Gs^Fds, Gs^Fds, Gs^Fds, Gs^Fds, Gg, Gs^Fds, Gs^Fds, Gs^Fds, Gs^Fds, Gs^Fds, Gs^Fds, Gs^Fds, Gs^Fds, Gs^Fds, Gg, Gg, Gg, Gg, Rr, Rr, Gg, Gg, Gg, Gg, Gg, Gg, Gg, Gg, Ds, Ds, Ds, Wwt, Wwt, Wwt, Wwt, Wwt
Gs^Fms, Gs^Fms, Gs^Fms, Gs^Fms, Gs^Fms, Gs^Fds, Gs^Fds, Gs^Fds, Gs^Fds, Gs^Fms, Gs^Fms, Gs^Fms, Gs^Fms, Gs^Fms, Gs^Fms, Gs^Fds, Gs^Fds, Gs^Fds, Gs^Fds, Gs^Fds, Gs^Fds, Gs^Fms, Rr, Rp, Rp, Rp, Gs^Fds, Gs^Fms, Gs^Fms, Gs^Fms, Gs^Fms, Gs^Fms, Gs^Fms, Gs^Fds, Gs^Fds, Gs^Fds, Gs^Fds, Gs^Fds, Gs^Fds, Gs^Fds, Gs^Fds, Gs^Fds, Gs^Fds, Gs^Fds, Gs^Fds, Gs^Fds, Gs^Fds, Gs^Fds, Gs^Fds, Gs^Fds, Gs^Fms, Gs^Fms, Gs^Fms, Gs^Fms, Gs^Fms, Gs^Fms, Gs^Fms, Gs^Fms, Gs^Fms, Gs^Fds, Gs^Fds, Gs^Fds, Gs^Fds, Gs^Fds, Gs^Fms, Gs^Fms, Gs^Fms, Gs^Fds, Gs^Fds, Gs^Fds, Gs^Fds, Gs^Fds, Gs^Fds, Gs^Fds, Gs^Fds, Gs^Fds, Gs^Fds, Gs^Fds, Gs^Fds, Gs^Fds, Gs^Fds, Gs^Fds, Gg, Gs^Vh, Gg, Gg, Gg, Rr, Rr, Gg, Gg, Gg, Gg, Gg, Gg, Ds, Ds, Ds, Ds, Wwt, Wwt, Wwt, Wwt
Gs^Fds, Gs^Fms, Gs^Fms, Gs^Fms, Gs^Fms, Gs^Fds, Gs^Fds, Gs^Fds, Rp, Gs^Fds, Rp, Gs^Fms, Rr, Gs^Fms, Rr, Gs^Fds, Rr, Rp, Rp, Rp, Rr, Rr, Gs^Fms, Gs^Fds, Gs^Fms, Gs^Fms, Gs^Fds, Gs^Fds, Gs^Fms, Gs^Fms, Gs^Fms, Gs^Fms, Gs^Fms, Gs^Fms, Gs^Fms, Gs^Fms, Gs^Fms, Gs^Fds, Gs^Fds, Gs^Fds, Gs^Fds, Gs^Fds, Gs^Fds, Gs^Fds, Gs^Fds, Gs^Fds, Gs^Fds, Gs^Fds, Gs^Fms, Gs^Fms, Gs^Fms, Gs^Fms, Gs^Fms, Gs^Fms, Gs^Fms, Gs^Fms, Gs^Fms, Gs^Fms, Gs^Fms, Gs^Fms, Gs^Fms, Gs^Fds, Gs^Fds, Gs^Fds, Gs^Fms, Gs^Fms, Gs^Fms, Gs^Fds, Gs^Fds, Gs^Fds, Gs^Fds, Gs^Fds, Gs^Fds, Gs^Fds, Gs^Fms, Gs^Fms, Gs^Fms, Gs^Fds, Gs^Fds, Gs^Fds, Gs^Fds, Gs^Fds, Gs^Fds, Gg, Gg, Gg, Gg, Gg, Gg, Rr, Rp, Gg, Gg, Gg, Gg, Gg, Gg, Ds, Ds, Wwt, Wwt, Wwt, Ds
Rr, Gs^Fds, Rp, Rr, Rr, Rr, Rr, Rp, Gs^Fds, Rp, Gs^Fds, Rr, Gs^Fds, Rr, Gs^Fds, Rr, Gs^Fds, Gs^Fds, Gs^Fds, Gs^Fms, Gs^Fms, Gs^Fms, Gs^Fms, Gs^Fms, Gs^Fms, Gs^Fms, Gs^Fms, Gs^Fms, Gs^Fms, Gs^Fms, Gs^Fms, Gs^Fms, Gs^Fms, Gs^Fms, Gs^Fms, Gs^Fms, Gs^Fms, Gs^Fms, Gs^Fms, Gs^Fms, Gs^Fms, Gs^Fds, Gs^Fds, Gs^Fds, Gll^Fp, Gll^Fp, Gs^Fms, Gs^Fms, Gs^Fms, Gs^Fms, Gs^Fms, Gs^Fms, Gs^Fms, Gs^Fms, Gs^Fms, Gs^Fms, Gs^Fms, Gs^Fms, Gs^Fms, Gs^Fms, Gs^Fms, Gs^Fms, Gs^Fds, Gs^Fds, Gs^Fms, Gs^Fms, Gs^Fms, Gs^Fms, Gs^Fds, Gs^Fds, Gs^Fds, Gs^Fds, Gs^Fds, Gs^Fds, Gs^Fms, Gs^Fms, Gs^Fms, Gs^Fms, Gs^Fms, Gs^Fds, Gs^Fds, Gs^Fds, Gs^Fds, Gs^Fds, Gg, Gg, Gg, Gg, Gg, Gg, Gg, Rp, Rp, Gg, Gg, Gg, Gg, Gg, Gg, Ds, Ds, Ds, Gg
Rr, Rp, Gs^Fds, Gs^Fms, Gs^Fms, Gs^Fms, Gs^Fms, Gs^Fds, Gs^Fds, Gs^Fds, Gs^Fds, Gs^Fds, Gs^Fds, Gs^Fds, Gs^Fds, Gs^Fds, Gs^Fds, Gs^Fds, Gs^Fds, Gs^Fms, Gs^Fms, Gs^Fms, Gs^Fms, Gs^Fms, Gs^Fms, Gs^Fms, Gs^Fms, Gs^Fms, Gs^Fms, Gs^Fms, Gs^Fds, Gs^Fds, Gs^Fds, Gs^Fms, Gs^Fms, Gs^Fms, Gs^Fms, Gs^Fms, Gs^Fms, Gs^Fms, Gs^Fms, Gs^Fms, Gs^Fms, Gs^Fds, Gs^Fms, Gs^Fms, Gs^Fms, Gs^Fms, Gs^Fms, Gs^Fms, Gs^Fms, Gs^Fms, Gs^Fms, Gs^Fms, Gs^Fms, Gs^Fms, Gs^Fds, Gs^Fms, Gs^Fms, Gs^Fms, Gs^Fms, Gs^Fms, Gs^Fds, Gs^Fds, Gs^Fds, Gs^Fms, Gs^Fms, Gs^Fms, Gs^Fds, Gs^Fds, Gs^Fds, Gs^Fds, Gs^Fds, Gs^Fds, Gs^Fds, Gs^Fms, Gs^Fms, Gs^Fms, Gs^Fms, Gs^Fms, Gs^Fds, Gs^Fds, Gs^Fds, Gs^Fds, Gs^Fds, Gg, Gg, Gg, Gg, Gg, Gg, Gg, Gg, Rp, Rr, Gg, Gg, Gg, Gg, Gg, Gg, Gg, Gg
Gs^Fds, Gs^Fds, Gs^Fds, Gs^Fds, Gs^Fms, Gs^Fms, Gs^Fms, Gs^Fms, Gs^Fms, Gs^Fms, Gs^Fms, Gs^Fms, Gs^Fms, Gs^Fds, Gs^Fms, Gs^Fds, Gs^Fms, Gs^Fds, Gs^Fms, Gs^Fms, Gs^Fms, Gs^Fms, Gs^Fms, Gs^Fms, Gs^Fms, Gs^Fms, Gs^Fms, Gs^Fms, Gs^Fms, Gs^Fms, Gs^Fds, Gs^Fds, Gs^Fds, Gs^Fds, Gs^Fds, Gs^Fds, Gs^Fds, Gs^Fms, Gs^Fms, Gs^Fms, Gs^Fms, Gs^Fms, Gs^Fms, Gs^Fms, Gs^Fms, Gs^Fms, Gs^Fms, Gs^Fms, Gll^Fp, Gs^Fms, Gs^Fms, Gs^Fms, Gs^Fds, Gs^Fds, Gs^Fds, Gs^Fds, Gs^Fds, Gs^Fds, Gs^Fms, Gs^Fms, Gs^Fms, Gs^Fms, Gs^Fds, Gs^Fds, Gs^Fds, Gs^Fms, Gs^Fms, Gs^Fms, Gs^Fms, Gs^Fms, Gs^Fms, Gs^Fds, Gs^Fds, Gs^Fds, Gs^Fds, Gs^Fds, Gs^Fds, Gs^Fms, Gs^Fms, Gs^Fms, Gs^Fms, Gs^Fds, Gs^Fds, Gs^Fds, Gs^Fds, Gg, Gg, Gg, Gg, Gg, Gg, Gg, Gg, Gg, Gg, Rr, Rr, Gg, Gg, Gg, Gg, Gg, Gg
Gs^Fds, Gs^Fds, Gs^Fds, Gs^Fds, Gs^Fds, Gs^Fms, Gs^Fms, Gs^Fms, Gs^Fms, Gs^Fms, Gs^Fms, Gs^Fms, Gs^Fms, Gs^Fms, Gs^Fms, Gs^Fms, Gs^Fms, Gs^Fms, Gs^Fms, Gs^Fms, Gs^Fms, Gs^Fms, Gs^Fms, Gs^Fms, Gs^Fms, Gs^Fms, Gs^Fms, Gs^Fms, Gs^Fms, Gs^Fms, Gs^Fds, Gs^Fds, Gs^Fds, Gs^Fds, Gs^Fms, Gs^Fms, Gs^Fms, Gs^Fms, Gs^Fms, Gs^Fms, Gs^Fms, Gs^Fms, Gs^Fms, Gs^Fms, Gs^Fms, Gs^Fms, Gs^Fms, Gs^Fms, Gs^Fms, Gs^Fms, Gs^Fms, Gs^Fms, Gs^Fds, Gs^Fds, Gs^Fds, Gs^Fds, Gs^Fds, Gs^Fds, Gs^Fds, Gs^Fms, Gs^Fms, Gs^Fms, Gs^Fds, Gs^Fds, Gs^Fms, Gs^Fms, Gs^Fms, Gs^Fms, Gs^Fms, Gs^Fms, Gs^Fms, Gs^Fds, Gs^Fds, Gs^Fds, Gs^Fds, Gs^Fds, Gs^Fds, Gs^Fms, Gs^Fms, Gs^Fms, Gs^Fms, Gs^Fds, Gs^Fds, Gs^Fds, Gs^Fds, Gs^Fds, Gg, Gg, Gg, Gg, Gg, Gg, Gg, Gg, Gg, Gg, Gg, Rr, Rr, Gg, Gg, Gg, Gg
Gs^Fds, Gs^Fds, Gs^Fds, Gs^Fds, Gs^Fds, Gs^Fds, Gs^Fds, Gs^Fms, Gs^Fms, Gs^Fms, Gs^Fms, Gs^Fms, Gs^Fms, Gs^Fms, Gs^Fms, Gs^Fms, Gs^Fms, Gs^Fms, Gs^Fms, Gs^Fms, Gs^Fms, Gs^Fms, Gll^Fp, Gs^Fms, Gs^Fds, Gs^Fds, Gs^Fms, Gs^Fms, Gs^Fms, Gs^Fms, Gs^Fds, Gs^Fds, Gs^Fds, Gs^Fds, Gs^Fms, Gs^Fms, Gs^Fms, Gs^Fms, Gs^Fms, Gs^Fms, Gs^Fms, Gs^Fms, Gs^Fms, Gs^Fms, Gs^Fms, Gs^Fms, Gs^Fms, Gs^Fms, Gs^Fms, Gs^Fms, Gs^Fms, Gs^Fms, Gs^Fms, Gs^Fds, Gs^Fds, Gs^Fds, Gs^Fds, Gs^Fds, Gs^Fds, Gs^Fds, Gs^Fds, Gs^Fds, Gs^Fms, Gs^Fms, Gs^Fms, Gs^Fms, Gs^Fms, Gs^Fms, Gs^Fms, Gs^Fms, Gll^Fp, Gs^Fds, Gll^Fp, Gs^Fds, Gll^Fp, Gs^Fds, Gs^Fds, Gs^Fds, Gs^Fms, Gs^Fms, Gs^Fms, Gs^Fds, Gs^Fds, Gs^Fds, Gs^Fds, Gs^Fds, Gg, Gg, Gg, Gg, Gg, Gg, Gg, Gg, Gg, Gs^Vh, Gg, Gg, Gg, Rr, Rr, Gg, Gg
Gs^Fds, Gs^Fds, Gs^Fds, Gs^Fds, Gs^Fds, Gs^Fds, Gs^Fds, Gs^Fds, Gs^Fds, Gs^Fms, Gs^Fms, Gs^Fms, Gs^Fms, Gs^Fms, Gs^Fms, Gs^Fms, Gs^Fms, Gs^Fms, Gs^Fms, Gs^Fms, Gll^Fp, Gll^Fp, Gll^Fp, Gll^Fp, Gs^Fds, Gs^Fds, Gs^Fds, Gs^Fms, Gs^Fms, Gs^Fms, Gs^Fds, Gs^Fds, Gs^Fds, Gs^Fds, Gs^Fds, Gs^Fms, Gs^Fms, Gs^Fms, Gs^Fms, Gs^Fms, Gs^Fds, Gs^Fms, Gs^Fds, Gs^Fds, Gs^Fds, Gs^Fms, Gs^Fms, Gs^Fms, Gs^Fms, Gs^Fms, Gs^Fms, Gs^Fms, Gs^Fms, Gs^Fms, Gs^Fms, Gs^Fms, Gs^Fms, Gs^Fms, Gs^Fms, Gs^Fms, Gs^Fms, Gs^Fms, Gs^Fms, Gs^Fms, Gs^Fms, Gs^Fms, Gs^Fms, Gs^Fms, Gs^Fms, Gs^Fms, Gs^Fms, Gll^Fp, Gll^Fp, Gll^Fp, Gll^Fp, Gll^Fp, Gll^Fp, Gs^Fds, Gs^Fms, Gs^Fms, Gs^Fms, Gs^Fds, Gs^Fds, Gs^Fds, Gs^Fds, Gs^Fds, Gg, Gg, Gg, Gg, Gg, Gg, Gg, Gg, Gg, Gg, Gg, Gg, Gg, Gg, Rr, Gg, Gg
Gs^Fds, Gs^Fds, Gs^Fds, Gs^Fds, Gs^Fds, Gs^Fds, Gs^Fds, Gs^Fds, Gs^Fds, Gs^Fds, Gs^Fds, Gs^Fms, Gs^Fms, Gs^Fms, Gs^Fms, Gs^Fms, Gs^Fds, Gs^Fms, Gs^Fds, Gll^Fp, Gll^Fp, Gll^Fp, Gll^Fp, Gll^Fp, Gs^Fds, Gs^Fds, Gs^Fds, Gs^Fds, Gs^Fds, Gs^Fds, Gs^Fds, Gs^Fds, Gs^Fds, Gs^Fds, Gs^Fds, Gs^Fds, Gs^Fds, Gs^Fds, Gs^Fds, Gs^Fds, Gs^Fds, Gs^Fds, Gs^Fds, Gs^Fds, Gs^Fds, Gs^Fds, Gs^Fds, Gs^Fms, Gs^Fms, Gs^Fms, Gs^Fms, Gs^Fms, Gs^Fms, Gs^Fms, Gs^Fms, Gs^Fms, Gs^Fms, Gs^Fms, Gs^Fms, Gs^Fms, Gs^Fms, Gs^Fms, Gs^Fms, Gs^Fms, Gs^Fds, Gs^Fms, Gll^Fp, Gs^Fms, Gs^Fms, Gs^Fms, Gs^Fms, Gll^Fp, Gll^Fp, Gll^Fp, Gll^Fp, Gll^Fp, Gll^Fp, Gs^Fds, Gs^Fms, Gs^Fms, Gs^Fms, Gs^Fds, Gs^Fds, Gs^Fds, Gs^Fds, Gs^Fds, Gg, Gs^Vh, Gg, Gg, Gg, Gg, Gg, Gg, Gg, Gg, Gg, Gg, Gg, Gg, Gg, Rp, Rp
Gs^Fds, Gs^Fds, Gs^Fds, Gs^Fds, Gs^Fds, Gs^Fds, Gs^Fds, Gs^Fds, Gs^Fds, Gs^Fds, Gs^Fds, Gs^Fds, Gs^Fds, Gs^Fds, Gs^Fds, Gs^Fds, Gs^Fds, Gs^Fds, Gs^Fds, Gs^Fds, Gs^Fds, Gs^Fds, Gs^Fds, Gs^Fds, Gs^Fds, Gs^Fds, Gs^Fds, Gs^Fds, Gs^Fds, Gs^Fds, Gs^Fds, Gs^Fds, Gs^Fds, Gs^Fds, Gs^Fds, Gs^Fds, Gs^Fds, Gs^Fds, Gs^Fds, Gs^Fds, Gs^Fds, Gs^Fds, Gs^Fds, Gs^Fds, Gs^Fds, Gs^Fds, Gs^Fds, Gs^Fds, Gs^Fds, Gs^Fds, Gs^Fds, Gs^Fms, Gs^Fds, Gs^Fms, Gs^Fms, Gs^Fms, Gs^Fms, Gs^Fms, Gs^Fms, Gs^Fms, Gs^Fms, Gs^Fms, Gs^Fds, Gs^Fds, Gs^Fds, Gs^Fds, Gs^Fds, Gs^Fds, Gs^Fms, Gs^Fms, Gs^Fms, Gs^Fms, Gs^Fms, Gll^Fp, Gs^Fds, Gll^Fp, Gs^Fds, Gs^Fds, Gs^Fms, Gs^Fms, Gs^Fms, Gs^Fds, Gs^Fds, Gs^Fds, Gs^Fds, Gs^Fds, Gg, Gg, Gg, Gg, Gg, Gg, Gg, Gg, Gg, Gg, Gg, Gg, Gg, Gg, Gg, Gg, Gg
Gs^Fds, Gs^Fds, Gs^Fds, Gs^Fds, Gs^Fds, Gs^Fds, Gs^Fds, Gs^Fds, Gs^Fds, Gs^Fds, Gs^Fds, Gs^Fds, Gs^Fds, Gs^Fds, Gs^Fds, Gs^Fds, Gs^Fds, Gs^Fds, Gs^Fds, Gs^Fds, Gs^Fds, Gs^Fds, Gs^Fds, Gs^Fds, Gs^Fds, Gs^Fds, Gs^Fds, Gs^Fds, Gs^Fds, Gs^Fds, Gs^Fds, Gs^Fds, Gs^Fds, Gs^Fds, Gs^Fds, Gs^Fds, Gs^Fds, Gs^Fds, Gs^Fds, Gs^Fds, Gs^Fds, Gs^Fds, Gs^Fds, Gs^Fds, Gs^Fds, Gs^Fds, Gs^Fds, Gs^Fds, Gs^Fds, Gs^Fds, Gs^Fds, Gs^Fds, Gs^Fds, Gs^Fds, Gs^Fds, Gs^Fds, Gs^Fds, Gs^Fds, Gs^Fds, Gs^Fds, Gs^Fds, Gs^Fds, Gs^Fds, Gs^Fds, Gs^Fds, Gs^Fds, Gs^Fds, Gs^Fds, Gs^Fds, Gs^Fms, Gs^Fms, Gs^Fms, Gs^Fms, Gs^Fds, Gs^Fds, Gs^Fds, Gs^Fds, Gs^Fds, Gs^Fds, Gs^Fms, Gs^Fds, Gs^Fds, Gs^Fds, Gs^Fds, Gs^Fds, Gs^Fds, Gg, Gg, Gg, Gg, Gg, Gg, Gg, Gg, Gg, Gg, Gg, Gg, Gg, Gg, Gg, Gg, Gg
