Re^Vct, Rr, Ket, Rr, Re^Vct, Re^Vct, Re^Vct, Re^Vct, Re^Vct, Re^Vct, Re^Vct, Re^Vct, Re^Vct, Ce, Gd, Gd, Gd, Gd, Gd, Gd, Gd, Gd, Gd, Gd, Gd, Gd, Gd, Gd, Gd, Gd, Gd, Gd, Gd, Gd, Gd, Gd, Gd, Gd, Gd, Gd, Gd, Md, Md, Md, Md, Md, Md, Gd, Gd, Gd, Gd, Gd, Gd, Gd, Gd, Gd, Gd, Gd, Md, Md, Md, Md, Md, Md, Md, Md, Md
Re^Vct, Ket, 1 Ke, Ket, Rr^Cov, Re^Vct, Re^Vct, Re^Vct, Re^Vct, Re^Vct, Re^Vct, Re^Vct, Ce, Ce, Gd, Gd, Gd, Gd, Gd, Ss, Ss, Gd, Gd, Gd, Gd^Vhr, Gd, Gd, Gd, Gll, Gd, Gll, Gll, Gd, Gd, Gd, Gd, Gd, Gll, Gd, Gd, Md, Md, Md, Md, Md, Md, Md, Gd, Gd, Ds, Gd, Gd, Gd, Gd, Ds, Gd, Gd, Gd, Hhd^Vhhr, Md, Md, Md, Md, Md, Md, Md, Md
Re^Vct, Ket, Ket, Ket, Rr, Rr^Cov, Rr^Cov, Re^Vct, Rr, Re^Vct, Re^Vct, Re^Vct, Ce, Gd, Gd, Gd, Gd, Gd, Gd, Gd, Gd, Ds, Gd, Gd, Gd, Gd, Gd, Gd, Gd, Gll, Gd, Gd, Ss, Gd, Gd, Gd, Gll, Gll, Gd, Gd, Md, Md, Md, Md, Md, Md, Md, Md, Gd, Ds, Gd, Gd, Gd, Gd, Gd, Ds, Ko, Co, Hhd^Vhhr, Hhd^Vhhr, Hhd^Vhhr, Md, Ms, Ms^Xm, Ms, Md, Md
Re^Vct, Re^Vct, Rr, Rr, Re^Vct, Rr, Re^Vct, Rr^Cov, Ket, Rr, Ket, Ce, Ss, Ss, Gd, Gd, Ds, Gd, Gd, Gd, Gd, Ds, Gd, Ss, Ss, Gd, Gd, Ss, Gd, Gd, Ds, Ds, Gd, Ss, Ds, Gd, Gd, Gll, Gll, Gd, Md, Md, Md, Md, Md, Md, Md, Md, Gd, Gd, Gd, Ds, Gd, Ss, Ss, Co, Gd^Vo, Gd^Vo, Gd^Vo, Hhd^Vhhr, Md, Md, Md, Ms, Md, Md, Md
Re^Vct, Re^Vct, Rr, Rr, Re^Vct, Re^Vct, Re^Vct, Re^Vct, Ket, Ket, Ket, Ds, Ds, Gd, Gd, Gd, Gd, Gd, Gd, Gd, Gd, Ss, Gd, Gd, Ss, Gd, Gd, Ss, Gd, Gd, Ds, Gd, Gd, Gd, Ds, Gd, Gd, Gll, Gd, Gd, Gd, Md, Md, Md, Md, Md, Md, Gd, Gd, Ss, Gd, Gd, Gd, Gd, Gd, Ko, Gd^Vo, Gd^Vo, Gd^Vo, Hhd^Vhhr, Hhd^Vhhr, Md, Md, Md, Md, Md, Md
Re^Vct, Re^Vct, Rr, Rr, Rr, Re^Vct, Ce, Ce, Gd, Ss, Gd, Gd, Gd, Ds, Gd, Ss, Ss, Gd, Gd^Vhr, Gd, Gll, Gd, Gd, Gd, Ss, Gd, Gd, Gd, Ss, Ds, Gd, Gll, Gll, Gd, Gd, Ds, Gd, Gll, Gd, Gd, Gd, Ds, Gd, Md, Md, Md, Md, Gd, Gd, Ss, Gd, Gd, Gd, Gd, Gd, Co, Ko, Gd^Vo, Co, Co, Hhd^Vhhr, Md, Md, Md, Md, Md, Md
Gd, Re^Vct, Re^Vct, Ket, Ket, Ket, Gd, Gd, Gd, Gd, Gd, Ss, Gd, Gd, Gd, Gd, Gd, Gd, Gll, Gll, Gd, Gd, Gd, Gd, Ds, Gd, Gd, Gd, Ss, Gd, Gd, Gll, Gd, Gd, Gd, Ds, Gd, Gd, Gd, Ss, Gd, Ds, Gd, Gd, Md, Md, Gd, Gd, Gd, Gd, Gd, Gd, Md, Md, Md, Gd, Co, Co, Co, 2 Ko, Co, Hhd^Vhhr, Hhd^Vhhr, Md, Md, Md, Md
Ce, Ce, Ce, Ket, Ss, Ket, Ds, Ds, Gd, Gd, Ss, Gd, Gd, Ss, Ss, Gd, Gd, Gll, Gd, Ds, Ds, Ds, Ds, Ds, Ss, Gd, Gll, Gd, Gd, Ss, Gll, Gll, Gd, Gd, Gd, Gd, Ss, Ss, Gd, Gd, Ds, Ds, Gd, Gd, Gd, Gd, Gll, Gll, Gd, Gd, Md, Md, Md, Md, Md, Md, Gd, Ko, Co, Co, Gd^Vo, Gd^Vo, Gd^Vo, Md, Md, Md, Md
Gd, Gd, Gd, Ss, Gd, Gd, Gd, Gd, Gd, Ss, Ss, Gd, Gd, Gd, Gd, Ss, Gd, Gd, Ss, Gd, Gd, Ss, Gd, Gd, Gd, Gll, Gd, Gd, Gd, Gd, Gll, Gd, Gd, Gd, Ds, Ss, Gd, Gd, Ss, Gd, Gd, Ds, Gd, Ds, Ds, Gll, Gd, Gd, Gd, Gd, Md, Md, Md, Md, Md, Md, Gd, Gd, Gd, Ko, Co, Co, Co, Ko, Gd, Md, Gd
Gd, Gd, Gd, Gd, Gd, Gd, Gd, Gd, Ss, Ss, Gd, Gd, Gd, Gd, Gd, Gd, Gd, Gd, Ss, Gd, Gd, Gd, Gd, Gd, Gd, Gd, Ss, Ss, Ss, Gd, Gd, Gd, Ss, Gd, Ds, Gd, Gd, Gd, Gd, Ss, Ss, Ss, Ss, Gd, Gd, Gll, Gd, Gd, Ds, Gd, Ds, Md, Md, Md, Md, Md, Gd, Ss, Gd, Gd, Gd, Ko, Ss, Gd, Gd, Gd, Gd
Gd, Ss, Gd, Gd, Gd, Gd, Gd, Gd, Gd, Gd, Gd, Ss, Ss, Ss, Gd, Gd, Gd, Ss, Gd, Ss, Ss, Gd, Gd, Gd, Gd, Ss, Gd, Gd, Ss, Gd, Ss, Ss, Gd, Ds, Gd, Gd, Gd, Ss, Gd, Gd, Gd, Gd, Gd, Gd, Ds, Gd, Gd, Gd, Gd, Ds, Gd, Ds, Md, Md, Md, Md, Gd, Ss, Gd, Gd, Gd, Gd, Ss, Gd, Gd, Gd, Ss
Ss, Gd, Gd, Gd, Ss, Ss, Gd, Gd, Ds, Ds, Ds, Ds, Ss, Gd, Gd, Gd, Ss, Gd, Ds, Gd, Ss, Ds, Ds, Gd, Ds, Ss, Gd, Gd, Ss, Gd, Gd, Gd, Gd, Gd, Gd, Ss, Ss, Ss, Gd, Gd, Gd, Gll, Gd, Ds, Gd, Gd, Gd, Ss, Ss, Gd, Gd, Gd, Gd, Gd, Gd, Gd, Gd, Ss, Gd, Gd, Gd, Gd, Ss, Ss, Ss, Ss, Gd
Ss, Ss, Gd, Ss, Gd, Gd, Gd, Gd, Gd, Gd, Gd, Gd, Gd, Gd, Gd, Gd, Ds, Ds, Ds, Gd, Gd, Gd, Gll, Ds, Ds, Gd, Gd, Ss, Gd, Gd, Ds, Gd, Gd, Gd, Gd, Ss, Gd, Gd, Ds, Gd, Gd, Gll, Ds, Ds, Gd, Gd, Gd, Ss, Gd, Gd, Gd, Gd, Gd, Gd, Gd, Gd, Gd, Gd, Gd, Gd, Gd, Gd, Gd, Gd, Ss, Ss, Gd
Gd, Ss, Gd, Gd, Gd, Ds, Gd, Gd, Ss, Gd, Gd, Gd, Gd, Gd, Gd, Gd, Gd, Ds, Gd, Ds, Ds, Ss, Gd, Gll, Gll, Gll, Gd, Ss, Gd, Ds, Gd, Gd, Ds, Gd, Ds, Gd, Gd, Ds, Gd, Ss, Ss, Gd, Gd, Gd, Gd, Ds, Gd, Gd, Gd, Gd, Md, Gd, Gd, Ss, Ss, Gd, Gd, Gd, Gd, Ds, Ds, Gd, Gd, Ss, Gd, Gd, Gd
Gd, Ss, Ss, Gd, Gd, Gd, Gd, Gd, Ss, Gd, Gd, Ss, Ds, Gd, Gd, Gd^Vhr, Gd, Gd, Gd, Gd, Gd, Ss, Ss, Gd, Gd, Ds, Ds, Ss, Gd, Ds, Gd, Gd, Gd, Ds, Gd, Ss, Ss, Gd, Gd, Gd, Ss, Gd, Gd, Gd, Gd, Gd, Gd, Gd, Md, Md, Md, Md, Md, Gd, Gd, Gd, Ss, Ss, Ss, Ss, Gd, Gd, Gll, Gd, Gd, Gd, Md
Gd, Gd, Gd, Ss, Ds, Ds, Gd, Gd, Ss, Gd, Gll, Gd, Gd, Ss, Ss, Gd, Gd, Ss, Gd, Gd, Gd, Ss, Gd, Ss, Ss, Ds, Gd, Ss, Gd, Ds, Ds, Gd, Gd, Gd, Gd^Vhr, Gd, Gd, Gd, Gll, Gd, Gd, Ss, Gd, Gd, Gd, Gd, Gll, Gd, Md, Md, Md, Md, Md, Gd, Gd, Gd, Ds, Ss, Ds, Ds, Gd, Gll, Gd, Gd, Md, Md, Md
Gd, Gd, Gd, Gd, Gd, Gd, Gd, Ss, Gd, Gd, Gd, Ds, Gd, Gd, Gd, Ss, Gll, Gd, Gd, Gd, Ss, Ss, Ss, Gd, Gd, Ds, Gd, Gd, Gll, Gd, Ss, Gd, Gd, Gll, Gll, Gll, Gll, Gll, Gd, Gd, Gd, Ds, Gd, Ds, Gd, Gll, Gd, Md, Md, Ms, Ms, Md, Md, Md, Gd, Gd, Gd, Ds, Ds, Gd, Gll, Gll, Md, Md, Md, Md, Md
Gd, Gd, Ss, Gd, Gd, Gd^Vhr, Ss, Gd, Ss, Gd, Ds, Ds, Gd, Ss, Ss, Ss, Gll, Gd, Gd, Ss, Gd, Ss, Gd, Ss, Ds, Ds, Gd, Gll, Gd, Ss, Gd, Gd, Gd^Vhr, Gd, Ss, Gd, Gd, Gd, Gd, Gd, Ss, Ss, Ds, Ds, Gd, Gll, Gd, Md, Md, Md, Ms, Ms^Xm, Md, Md, Gd, Gd, Ss, Ss, Gd, Gd, Gll, Gd, Md, Md, Md, Md, Md
Gd, Gd, Gd, Gd, Gd, Gd, Gd, Ss, Gd, Ss, Ds, Gd, Gll, Gd, Gd, Gd, Gd, Gll, Gd, Gd, Gd, Gd, Gd, Gd, Ds, Ds, Gd, Gll, Ss, Gd, Gd, Gd, Gd, Ss, Gd, Gd, Gd, Gd, Ss, Gd, Gd, Ss, Gd, Gd, Gd, Gll, Gd, Gd, Md, Md, Md, Md, Md, Md, Gd, Gd, Gd, Gd, Gd, Gd, Gll, Gd, Md, Md, Md, Md, Md
Gd, Gd, Gd, Gd, Ds, Gd, Ss, Gd, Gd, Gd, Ds, Gll, Gd, Gll, Gd, Ds, Gd, Gll, Gd^Vhr, Gd, Gd, Gd, Gd, Ss, Ds, Ds, Gd, Gd, Ss, Gll, Gd, Gd, Ds, Ss, Gd, Gd, Ss, Ss, Gd, Ds, Gd, Gd, Gd, Gd, Gd, Gd, Gd, Gd, Gd, Md, Md, Md, Md, Md, Gd, Gd, Ds, Ds, Ds, Gd, Gll, Gd, Md, Md, Md, Md, Md
Gd, Gd, Gd, Ss, Gd, Gd, Gd, Ss, Gd, Gd, Ds, Gd, Gd, Gd, Gd, Ds, Ds, Gd, Gd, Gd, Ss, Gd, Ds, Gd, Gd, Ds, Gd^Vhr, Gd, Gd, Gd, Gd, Gd, Gd, Gll, Gd, Gd, Gd, Gd, Gd, Ds, Gd, Gd, Gd, Ss, Ss, Ss, Ss, Gd, Ss, Gd, Gd, Md, Gd, Gd, Ss, Ds, Gd, Gd, Ss, Gd, Gll, Gd, Md, Md, Md, Md, Md
Gd, Gd, Gd, Ss, Gd, Gd, Gd, Ss, Ss, Gd, Ds, Ss, Gd, Gd, Ss, Ss, Ds, Gd, Gd, Gd, Ss, Gd, Gd, Ds, Ds, Ds, Gd, Gd, Ds, Gd, Gd, Ss, Ds, Gd, Ss, Gd, Gd, Gd, Gd, Ds, Ss, Gd, Gd, Ds, Gd, Gd, Gd, Ss, Ds, Ss, Gd, Gd, Gd, Ss, Gd, Ds, Gd, Gd, Gd, Gd, Gll, Gd, Md, Md, Md, Md, Md
Gd, Gd, Gd, Gd, Gd, Gd, Gd, Gd, Ss, Gd, Ds, Ss, Gd, Gd, Ss, Ss, Gd, Ds, Gd, Gd, Gd, Ss, Gd, Gd, Gd, Ds, Gd, Gd, Gd, Ds, Ss, Ss, Ds, Gd, Ss, Gd, Gd, Gd, Gd, Gd, Gd, Gd, Gd, Gll, Gd, Gd, Gd, Gd, Gd, Ds, Ds, Ds, Gd, Gd, Ds, Ds, Ss, Gd, Ss, Gd, Gll, Gd, Md, Md, Md, Md, Md
Gd, Gd, Gd, Gd, Gd, Gd, Gd, Gd, Ss, Gd, Gd, Ds, Gd, Gd, Gd, Gd, Gd, Ds, Ds, Gll, Gd, Gd, Gd, Ss, Ss, Gd, Gd, Gd, Gd, Ss, Gd, Gd, Ss, Ds, Gd, Gd, Gll, Gll, Gd, Gd, Gd, Ss, Gd, Gd, Gd, Gd, Md, Md, Md, Md, Md, Md, Md, Gd, Gd, Gd, Gd, Ss, Gd, Gd, Gll, Gd, Md, Md, Md, Md, Md
Gd, Gd, Gd, Gd, Ss, Gd^Vhr, Gd, Gd, Gd, Ss, Gd, Gd, Gd, Gd, Gd, Gd, Gd, Gd, Gd, Gd, Gd, Gd, Gd, Gd, Gd, Gd, Ss, Gd, Gd, Gd, Gd, Gd, Ss, Ds, Gd, Gd, Gd, Gd, Gd, Gd, Ss, Ss, Gd, Gd, Md, Md, Md, Md, Md, Md, Md, Md, Md, Md, Md, Gd, Gd, Gd, Gd, Gd, Gll, Gd, Md, Md, Md, Md, Md
Gd, Gd, Gd, Gd, Ss, Gd, Gd, Gd, Ds, Gd, Ds, Gd, Gd, Ds, Ds, Gd, Ds, Ds, Ds, Ds, Gd, Gll, Gll, Gd, Gll, Gd, Ss, Ss, Gd, Gd, Gd, Gd, Gd, Ds, Gd, Gll, Gll, Gd, Gd, Ss, Ss, Gd, Gd, Md, Md, Md, Md, Md, Md, Md, Md, Md, Md, Md, Md, Md, Gll, Gll, Gd, Gd, Gd, Gd, Md, Md, Md, Md, Md
Gd, Gd, Ds, Ds, Ds, Ds, Gd, Ds, Gd, Ds, Ss, Gd, Gd, Ds, Gd, Ds, Gd, Ss, Gd, Gd, Gd, Gll, Gd, Gll, Gd, Gd, Ss, Gd, Gd, Ss, Gd, Gd, Gd, Gd, Gd, Gd, Gd, Gd, Gd, Gd, Gd, Gd, Gd, Md, Md, Md, Md, Md, Md, Md, Md, Md, Md, Md, Md, Md, Gll, Gll, Ss, Ds, Gd, Gd, Md, Md, Md, Md, Md
Gd, Gd, Gd, Gd, Gd, Gd, Gd, Gd, Gd, Ss, Ss, Gd, Gd, Gd, Gll, Gd, Gd, Gd, Gd, Gd, Gd, Gd, Gd, Gd, Ds, Ds, Gd, Gd, Gd, Gd, Gd, Gd, Ss, Ss, Ss, Ss, Gd, Gd, Gd, Gd^Vhr, Gd, Gll, Gd, Md, Md, Md, Md, Md, Gd, Md, Md, Md, Md, Md, Md, Md, Gll, Gll, Ds, Ds, Gd, Gd, Md, Md, Md, Md, Md
Gd, Gd, Ds, Gd, Ss, Gd, Gd, Gd, Gd, Gd, Ss, Ss, Gd, Gll, Gll, Gll, Gll, Gd, Gd, Gd, Ds, Ss, Ds, Ds, Gd, Gd, Gd, Ss, Ss, Gd, Gd, Ss, Gd, Gd, Gd, Gd, Gd, Gd, Ss, Gd, Gd, Gll, Gd, Md, Md, Md, Md, Gd, Gd, Gd, Md, Md, Md, Md, Md, Md, Gll, Gll, Ds, Ss, Gd, Gd, Gd, Md, Md, Md, Md
Gd, Gd, Ds, Gd, Ds, Ds, Gd, Ds, Ds, Ds, Ds, Ss, Gd, Gd, Gd, Gd, Gd, Gll, Gll, Gd, Gd, Ds, Ss, Gd, Gd, Gd, Gd, Gd, Ss, Gd, Ss, Ds, Ds, Gd, Gd, Gd, Gd^Vhr, Gd, Gd, Gd, Gd, Gll, Gll, Gd, Md, Md, Md, Md, Gd, Gd, Md, Md, Md, Md, Md, Md, Gd, Gd, Gd, Ss, Gd, Gd, Gd, Md, Md, Md, Md
Gd, Gd, Ds, Ds, Gd, Gd, Gd, Gd, Gd, Ds, Gd, Ds, Ds, Gd, Ds, Gd, Gd^Vhr, Gd, Gd, Gll, Gd, Gd, Gd, Ss, Gd, Gd, Gd, Gd, Gd, Ss, Gd, Ds, Gd, Gd, Gd, Gd, Gd, Gd, Gd, Gd, Ds, Gd, Gd, Gd, Gd, Md, Md, Md, Gd, Gd, Gd, Md, Md, Md, Md, Gd, Gd, Gd, Gd^Vhr, Gd, Gd, Gd, Gd, Md, Md, Md, Md
Gd, Gd, Gd, Ds, Ds, Gd, Gd, Gd, Gd, Gd, Gd, Gd, Gd, Ds, Md, Ds, Md, Gd, Gd, Gll, Gd, Gd, Gd, Ss, Ss, Gd, Gd, Gd, Gd, Gd, Gd^Vhr, Gd, Gd, Gd, Gd, Gd, Gd, Ss, Ss, Gd, Gd, Ds, Ds, Gd, Ds, Gd, Gd, Gd, Gll, Gd, Gd, Gd, Gd, Md, Gd, Gd, Gd, Gd, Gd, Gd, Gd, Gd, Gd, Gd, Md, Md, Md
Gd, Gd, Gd, Gd, Gd, Gd, Ss, Ds, Gd, Gd, Gd, Gd, Gd, Md, Md, Md, Md, Md, Md, Gd, Gd, Gd, Gd, Gd, Ss, Ss, Gd, Gd, Gd, Gd, Gd, Ss, Gd, Gd, Gd, Gd, Gd, Ss, Ds, Gd, Gd, Gd, Ss, Ds, Gd, Ds, Gd, Gd, Gll, Gd, Gd, Gd, Gd, Gd, Ss, Ss, Ss, Gd, Ds, Ds, Ss, Gd, Gll, Gd, Md, Md, Md
Gd, Gd, Gd, Ds, Ds, Ss, Gd, Gd, Gll, Gll, Gd, Gd, Md, Md, Md, Md, Md, Md, Md, Md, Md, Md, Md, Gd, Gd, Gd, Gd, Gd, Gd, Gd, Gd, Ss, Ss, Gd, Gd, Gd, Gd, Gd, Gd, Ds, Gd, Ss, Ss, Ss, Gd, Gd, Gd^Vhr, Gll, Gd, Gd, Gd, Gd, Ds, Ds, Ds, Ds, Gd, Ss, Ds, Gd, Ss, Gd, Gll, Gd, Gd, Md, Md
Gd, Gd, Gd, Ds, Gd, Ds, Ds, Gd, Gd, Gll, Gd, Gd, Md, Md, Md, Md, Md, Md, Md, Md, Md, Md, Md, Md, Md, Gd, Gd, Gd, Gd, Ss, Ss, Ds, Ds, Ss, Ss, Gd, Gd, Gd, Ss, Gd, Gd, Gd, Gd, Gd, Gd, Gd, Gll, Gll, Gd, Gd, Gd, Gd, Gd, Gd, Gd, Gd, Gd, Ds, Gd, Gd, Ds, Gd, Gd, Gll, Gd, Gd, Gd
Gd, Gd, Gd, Ss, Gd, Ds, Ss, Ss, Ds, Gll, Gll, Md, Md, Md, Md, Gd, Gd, Md, Md, Md, Md, Md, Ms, Md, Md, Md, Md, Gd, Gd, Gd, Gd, Ss, Gd, Ss, Gd, Gd, Gd, Gd, Ss, Gd, Gd, Ss, Gd, Gd, Gd, Gd, Gll, Gd, Ss, Ss, Gd, Gd, Gd, Gd, Gd, Gd, Gd, Gd, Gd, Gd, Ds, Gd, Gd, Gll, Gll, Gd, Gd
Md, Gd, Gd, Gd, Gd, Gd, Gd, Ss, Ds, Ds, Gll, Md, Md, Md, Gd, Gd, Gd, Md, Md, Md, Aa^Fpa, Aa^Fpa, Aa^Fpa, Ms, Md, Md, Md, Md, Gd, Gd, Gd, Ds, Gd, Gd, Gll, Gd, Gd, Ss, Ss, Gd, Gd, Gd, Gd, Gd, Ds, Gll, Gd, Ss, Gd, Ss, Gd, Gd^Vhr, Gd, Gd, Gd, Gd, Gd, Ss, Ss, Ss, Ds, Gd, Ss, Ss, Gll, Gd, Gd
Md, Md, Md, Gd, Gd, Gd, Ss, Gd, Ds, Gd, Gll, Md, Md, Md, Md, Ds, Gd, Md, Md, Ms, Aa^Fpa, Aa^Fpa, Aa^Fpa, Md, Md, Md, Md, Md, Gd, Gd, Gd, Ds, Gd, Gll, Gd, Gll, Gd, Ss, Ss, Gd, Ds, Ds, Ds, Ds, Gd, Gll, Gd, Ss, Gd, Gd, Gd, Gd, Gd, Ds, Ds, Ss, Gd, Gd, Gd, Ss, Gd, Ds, Ss, Ss, Gd, Gd, Gd
Md, Md, Md, Gd, Gd, Gd, Ss, Ss, Ds, Ds, Gll, Md, Md, Md, Md, Gd, Gd, Md, Md, Md, Aa^Fpa, Aa^Fpa, Aa^Fpa, Aa^Fpa, Aa^Fpa, Md, Md, Md, Gd, Gd, Gd, Gd, Gd, Gd, Gd, Gll, Gll, Gd, Ss, Gd, Gd, Gd, Gd, Gd, Gll, Gll, Gd, Ds, Ds, Ss, Ss, Gd, Gd, Ds, Gd, Ss, Gd, Gd, Ss, Gd, Gd, Ds, Gd, Ss, Ss, Gd, Gd
Md, Md, Md, Md, Gd, Ss, Gd, Gd, 4 Ds, Gd, Gd, Gll, Gd, Md, Gd, Gd, Gd, Md, Md, Ms, Aa^Fpa, Aa^Fpa, Aa^Fpa, Aa^Fpa, Aa^Fpa, Ms, Md, Md, Gd, Gd, Gd, Gd, Gd, Ds, Ds, Gd, Gll, Gd, Ss, Gd, Gd, Gd, Ss, Gd, Gll, Gd, Gd, Gd, Gd, Gd, Gd, Gd, Gd, Gd, Ss, Gd, Gd, Gd, Ss, Ss, Gd, Ds, Gd, Ss, Ss, Gd, Gd
Md, Md, Md, Md, Md, Gd, Gd, Gd, Ds, Gd, Gd, Gd, Gll, Gd, Gd, Ss, Gd, Md, Md, Md, Aa^Fpa, Aa^Fpa, Aa^Fpa, Aa^Fpa, Ms, Ms, Md, Md, Gd, Gd, Ss, Ss, Gd, Gd, Ss, Gd, Gll, Gd, Gd, Gd, Gd, Gd, Ss, Gd, Gd, Gd, Gd, Gd, Hhd^Vhhr, Gd, Cte, Cte, Hhd^Vhhr, Ss, Gd, Ss, Gd, Ss, Gd, Gd, Gd, Ds, Gd, Gd, Ss, Gd, Gd
Md, Md, Md, Md, Md, Gd, Gd, Ds, Ds, Gd, Ss, Ss, Gd, Ds, Ss, Ss, Gd, Md, Md, Md, Md, Aa^Fpa, Aa^Fpa, Aa^Fpa, Ms, Md, Md, Md, Gd, Gll, Gd, Gd, Gd, Ss, Gd, Ds, Gll, Gd, Gd, Gd, Ss, Gd, Gd, Gd, Gd, Gd, Gd, Hhd^Vhhr, Hhd^Vhhr, Hhd^Vhhr, Hhd^Vhhr, Cte, Cte, Hhd^Vhhr, Gd, Gd, Gd, Gll, Gd, Gd, Ds, Ss, Ds, Gd, Gd, Gd, Gd
Md, Md, Md, Md, Md, Gd, Gd, Gd, Ss, Gd, Ss, Gd, Gd, Gd, Gd, Gd, Ds, Md, Md, Md, Md, Md, Md, Ms, Md, Md, Md, Gd, Gll, Gll, Gd, Gd, Gd, Gd, Ds, Ds, Gll, Gd, Gd, Gd, Gd, Ss, Gd, Gd, Gd, Gd, Gd, Hhd^Vhhr, Hhd^Vhhr, Hhd^Vhhr, Cte, Cte, Cte, Cte, Hhd^Vhhr, Gd, Gd, Gll, Gll, Gd, Ds, Gd, Ds, Gd, Gd, Gd, Gd
Md, Md, Md, Md, Md, Md, Gd, Gd, Ss, Ds, Ds, Gd, Gd, Gd, Gd, Gd, Gd, Gd, Md, Md, Md, Md, Md, Md, Md, Md, Ds, Ds, Gll, Gll, Gd, Gd, Md, Gd, Md, Gd, Md, Gd, Gd, Gd, Gd, Gd, Gd, Gd^Vhr, Gd, Gd, Md, Hhd^Vhhr, Hhd^Vhhr, Hhd^Vhhr, Cte, 3 Kte, Cte, Hhd^Vhhr, Hhd^Vhhr, Hhd^Vhhr, Gd, Gd, Gd, Gll, Ds, Ds, Ss, Gd, Gd, Gd, Gd
Md, Md, Md, Md, Md, Md, Gd, Gd, Gd, Ss, Ss, Gd, Gd, Ss, Ds, Gd, Ss, Gd, Gd, Md, Md, Md, Md, Md, Gd, Gd, Gd, Gd, Gll, Gd, Gd, Md, Md, Md, Md, Md, Md, Md, Md, Gd, Md, Gd, Gd, Gd, Gd, Gd, Md, Md, Md, Hhd^Vhhr, Hhd^Vhhr, Cte, Md, Hhd^Vhhr, Md, Hhd^Vhhr, Hhd^Vhhr, Gd, Gd, Gd, Gd, Ds, Ss, Gd, Gd, Gd, Gd
Md, Md, Md, Md, Md, Md, Md, Gd, Gd, Ss, Ss, Ds, Gd, Ss, Gd, Gd, Gd, Gd, Gd, Gd, Gd, Gd, Gd, Gll, Gll, Gll, Gll, Gll, Gd, Gd, Md, Md, Md, Md, Md, Md, Md, Md, Md, Md, Md, Md, Md, Gd, Gd, Gd, Md, Md, Md, Md, Md, Ms, Ms, Md, Md, Md, Md, Gd, Gd, Gd, Ss, Ss, Gd, Gd, Gll, Gll, Gd
Md, Md, Md, Md, Md, Md, Md, Md, Gd, Gd, Gd, Ds, Gd, Ss, Ss, Gd, Gd, Ss, Gd, Gd, Ds, Gd, Gd, Gd, Gd, Gd, Gd, Gd, Gd, Gd, Md, Md, Md, Md, Md, Md, Md, Md, Md, Md, Md, Md, Md, Md, Md, Md, Md, Md, Md, Md, Md, Md, Md, Ms, Ms, Md, Md, Md, Gd, Gd, Ss, Gd, Gd, Gd, Gll, Gd, Gd
Md, Md, Md, Md, Md, Md, Md, Md, Md, Gd, Gd, Ds, Ds, Gd, Ss, Gd, Gd, Ss, Ss, Ss, Gd, Gd, Ss, Ss, Gd, Gd, Ds, Gd, Gd, Md, Md, Md, Md, Md, Md, Md, Md, Md, Md, Md, Ms, Md, Md, Md, Md, Md, Md, Md, Md, Md, Md, Md, Md, Md, Md, Ms, Md, Md, Md, Gd, Gd, Gd, Gd, Gd, Gd, Gd, Gd
Md, Md, Md, Md, Md, Md, Md, Md, Md, Md, Gd, Gd, Gd, Gd, Ds, Ds, Gd, Gd, Gd, Gd, Gd, Gd, Gd, Gd, Ds, Gd, Gd, Gd, Gd, Md, Md, Md, Md, Md, Md, Md, Md, Md, Md, Md, Md, Md, Md, Md, Md, Md, Md, Md, Md, Md, Md, Md, Md, Md, Md, Md, Md, Md, Md, Md, Md, Gd, Gd, Gd, Gd, Gd, Gd
Md, Md, Md, Md, Md, Md, Md, Md, Md, Md, Md, Gd, Gd, Ds, Ds, Gd, Gd, Ds, Gd, Gd, Gd, Gd, Gd, Gd, Ds, Gd, Gd, Gd, Gd, Gd, Md, Md, Md, Md, Md, Md, Md, Md, Md, Md, Md, Md, Md, Md, Md, Md, Ms, Md, Md, Md, Md, Md, Md, Md, Md, Md, Md, Md, Md, Md, Md, Md, Md, Md, Md, Md, Md
Md, Md, Md, Md, Md, Md, Md, Md, Md, Md, Md, Md, Gd, Gd, Gd, Gd, Gd, Gd, Gd, Gd, Gd, Gd, Gd, Gd, Ds, Gd, Gd, Gd, Gd, Gd, Gd, Md, Md, Md, Md, Ms, Md, Md, Md, Md, Md, Md, Md, Md, Md, Md, Md, Md, Md, Md, Md, Md, Md, Md, Md, Md, Md, Md, Md, Md, Md, Md, Md, Md, Md, Md, Md
