Gd, Gd, Ss, Gd, Gd, Gd, Gd, Gd, Gd, Gd, Gd, Gd, Gd, Gd, Gd, Gd, Gd, Gd, Gd, Gd, Ds, Gd, Gd, Gd, Gd, Gd, Gd, Gd, Gd, Gd, Gd, Gd, Gd, Gd, Gd, Gd, Gd, Gd, Ss, Gd, Gd, Gd, Gd, Gd, Gd, Gd
Gd, Gd, Ss, Ds, Gd, Gd, Re^Vct, Ss, Gd, Gd, Gd, Ss, Gd, Gd, Gd, Ss, Gd, Gd, Gd, Gd, Gd, Ds, Gd, Ss, Gd, Gd, Gd, Gd, Gd, Gd, Ss, Ss, Ds, Gd, Ds, Gd, Ds, Gd, Ss, Gd, Gd, Gd, Gd, Gd, Gd, Gd
Gd, Gd, Ds, Ds, Re^Vct, Ket, Ce, Ds, Ket, Gd, Gd, Gd, Ds, Ds, Gd, Ss, Gd, Gd, Gd, Ss, Gd, Gd, Gd, Gd, Gd, Gd, Ds, Ss, Ds, Gd, Gd, Gd, Gd, Gd, Gd, Ds, Gd, Ds, Ds, Ds, Ds, Gd, Gd, Gd, Gd, Gd
Gd, Gd, Gd, Ss, Ss, Ce, 1 Ke, Ket, Ce, Re^Vct, Ss, Ss, Gd, Gd, Gd, Gd, Ss, Gd, Gd, Gd, Gd, Gd, Gd, Gd, Ss, Gd, Gd, Ds, Gd, Gd, Gd, Gd, Gd, Ds, Ss, Gd, Ds, Ds, Gd, Gd, Ss, Ds, Gd, Gd, Gd, Gd
Gd, Gd, Gd, Ss, Re^Vct, Ket, Ce, Ce, Re^Vct, Ket, Ds, Gd, Gd, Gd, Ss, Ss, Gd, Gd, Ss, Gd, Ss, Ss, Gd, Ss, Gd, Ss, Gd, Ss, Ss, Gd, Gd, Ds, Gd, Gd, Ss, Ss, Gd, Gd, Gd, Gd, Gd, Ss, Ss, Gd, Gd, Gd
Gd, Gd, Gd, Re^Vct, Re^Vct, Ket, Re^Vct, Ket, Ds, Ds, Ss, Gd, Gd, Gd, Ds, Ds, Gd, Gd, Gd, Ss, Gd, Ds, Gd, Gd, Gd, Gd, Gd, Gd, Gd, Gd, Gd, Ds, Gd, Gd, Gd, Ss, Gd, Gd, Gd, Ds, Gd, Gd, Gd, Gd, Gd, Gd
Gd, Ds, Ds, Ds, Gd, Ss, Gd, Gd, Ss, Ss, Gd, Ss, Gd, Gd, Gd, Gd, Gd, Gd, Gd, Gd, Gd, Ds, Ss, Gd, Ss, Gd, Gd, Ds, Gd, Gd, Ss, Ds, Ss, Gd, Gd, Gd, Ss, Gd, Gd, Ss, Gd, Gd, Ds, Gd, Gd, Gd
Gd, Gd, Ds, Gd, Ds, Gd, Gd, Ss, Ds, Gd, Gd, Gd, Gd, Ds, Gd, Gd, Gd, Gd, Ss, Gd, Gd, Ds, Ds, Ss, Gd, Gd, Gd, Gd, Ds, Ss, Ss, Gd, Gd, Gd, Gd, Gd, Gd, Gd, Gd, Gd, Gd, Gd, Ss, Gd, Gd, Gd
Gd, Gd, Ds, Ds, Ss, Gd, Gd, Ss, Ds, Ss, Gd, Gd, Gd, Ds, Ss, Ss, Ss, Ss, Gd, Ss, Gd, Gd, Gd, Gd, Gd, Ss, Gd, Gd, Gd, Ss, Gd, Gd, Gd, Gd, Ss, Gd, Ds, Gd, Gd, Gd, Gd, Ss, Gd, Gd, Gd, Gd
Gd, Gd, Gd, Ss, Gd, Gd, Gd, Gd, Gd, Ss, Ds, Gd, Gd, Ds, Ss, Gd, Gd, Gd, Gd, Ss, Ds, Ds, Gd, Gd, Ds, Ss, Gd, Gd, Ss, Ss, Gd, Gd, Gd, Gd, Ds, Gd, Ds, Gd, Ss, Ds, Gd, Gd, Gd, Gd, Gd, Gd
Gd, Gd, Gd, Gd, Gd, Ss, Ss, Ss, Gd, Gd, Ds, Gd, Gd, Ds, Gd, Gd, Gd, Gd, Gd, Ds, Gd, Ds, Ss, Gd, Ds, Ds, Gd, Gd, Gd, Gd, Gd, Gd, Gd, Ds, Ds, Gd, Ds, Gd, Ss, Gd, Gd, Gd, Ss, Gd, Gd, Gd
Gd, Ds, Gd, Gd, Gd, Gd, Gd, Gd, Gd, Gd, Gd, Gd, Gd, Gd, Gd, Gd, Gd, Ss, Ds, Ds, Gd, Gd, Gd, Ss, Ss, Ds, Gd, Gd, Gd, Gd, Ss, Gd, Gd, Gd, Ds, Ds, Gd, Gd, Gd, Ss, Gd, Ss, Gd, Gd, Gd, Gd
Gd, Gd, Gd, Gd, Ds, Ss, Gd, Gd, Ss, Ss, Ds, Gd, Gd, Gd, Gd, Gd, Gd, Gd, Gd, Gd, Gd, Gd, Ds, Gd, Ds, Ds, Ds, Gd, Gd, Ss, Gd, Gd, Gd, Gd, Gd, Ss, Ss, Gd, Gd, Gd, Gd, Gd, Gd, Gd, Gd, Gd
Gd, Gd, Gd, Ss, Ds, Ss, Ss, Gd, Ss, Ss, Gd, Ds, Gd, Ss, Ss, Ds, Gd, Ss, Ss, Ss, Gd, Ds, Ss, Ds, Gd, Gd, Ds, Ds, Gd, Gd, Gd, Ds, Ds, Gd, Ss, Gd, Ss, Ss, Ss, Gd, Ss, Gd, Ds, Gd, Gd, Gd
Gd, Gd, Gd, Ss, Gd, Ds, Gd, Gd, Gd, Gd, Gd, Ss, Ds, Gd, Gd, Ss, Gd, Ds, Gd, Ss, Gd, Gd, Gd, Gd, Gd, Gd, Gd, Gd, Ss, Gd, Gd, Ds, Ds, Ss, Gd, Ss, Gd, Ss, Gd, Ss, Gd, Gd, Ds, Ds, Gd, Gd
Gd, Gd, Gd, Gd, Gd, Ds, Gd, Gd, Gd, Gd, Gd, Gd, Ss, Ds, Gd, Gd, Gd, Ds, Gd, Ss, Gd, Gd, Gd, Ss, Gd, Gd, Ss, Ss, Gd, Gd, Ds, Ds, Gd, Ds, Ss, Ds, Ds, Ds, Ds, Gd, Ds, Ds, Gd, Ds, Gd, Gd
Gd, Gd, Gd, Ss, Gd, Gd, Gd, Gd, Gd, Gd, Gd, Gd, Gd, Gd, Gd, Gd, Gd, Gd, Gd, Gd, Gd, Gd, Gd, Gd, Gd, Gd, Ss, Gd, Gd, Gd, Gd, Gd, Gd, Ss, Ss, Ds, Ss, Gd, Gd, Ds, Ds, Gd, Ds, Ds, Gd, Gd
Gd, Gd, Ss, Gd, Gd, Gd, Gd, Ss, Ds, Gd, Gd, Ss, Ss, Ds, Ds, Gd, Gd, Ds, Ds, Gd, Gd, Ss, Ds, Gd, Gd, Gd, Gd, Gd, Gd, Gd, Gd, Gd, Gd, Ss, Ss, Gd, Ss, Gd, Ss, Gd, Gd, Gd, Gd, Gd, Gd, Gd
Gd, Gd, Ss, Gd, Ss, Gd, Ds, Ds, Ds, Ds, Gd, Gd, Ss, Ss, Gd, Ss, Gd, Ss, Gd, Ds, Gd, Ds, Ss, Gd, Ss, Gd, Gd, Gd, Ss, Ss, Ss, Ds, Gd, Gd, Gd, Ss, Ds, Ss, Gd, Ss, Ss, Gd, Gd, Gd, Gd, Gd
Gd, Gd, Gd, Ds, Gd, Gd, Gd, Gd, Gd, Ds, Ss, Ss, Gd, Gd, Gd, Gd, Gd, Gd, Gd, Ds, Gd, Ss, Gd, Ss, Gd, Gd, Gd, Gd, Ds, Gd, Gd, Ss, Ss, Gd, Gd, Gd, Gd, Ds, Gd, Gd, Gd, Gd, Gd, Gd, Gd, Gd
Gd, Gd, Ss, Gd, Gd, Gd, Gd, Gd, Gd, Gd, Ds, Ds, Ds, Ds, Ss, Gd, Gd, Gd, Ds, Gd, Gd, Gd, Gd, Ss, Gd, Gd, Ds, Gd, Gd, Gd, Gd, Gd, Gd, Gd, Ss, Gd, Gd, Gd, Gd, Gd, Ds, Gd, Gd, Gd, Ss, Gd
Gd, Gd, Ss, Gd, Gd, Ss, Gd, Gd, Gd, Ss, Ds, Ds, Gd, Ss, Gd, Gd, Gd, Ss, Ds, Gd, Ss, Gd, Gd, Ss, Gd, Gd, Ss, Ds, Ss, Gd, Gd, Gd, Ss, Gd, Ss, Gd, Gd, Gd, Gd, Gd, Gd, Gd, Gd, Gd, Gd, Gd
Gd, Ss, Ss, Ss, Gd, Gd, Gd, Gd, Gd, Ds, Gd, Ss, Ds, Ss, Gd, Gd, Gd, Gd, Gd, Ds, Ds, Gd, Gd, Gd, Gd, Gd, Gd, Ss, Gd, Ss, Gd, Ss, Gd, Ds, Ds, Gd, Gd, Gd, Gd, Gd, Gd, Gd, Gd, Gd, Gd, Gd
Gd, Gd, Gd, Gd, Gd, Gd, Gd, Ss, Ss, Ds, Ss, Ss, Gd, Gd, Gd, Gd, Gd, Gd, Ss, Gd, Ds, Ss, Gd, Gd, Gd, Gd, Ss, Gd, Gd, Gd, Gd, Gd, Gd, Ds, Gd, Gd, Ss, Gd, Gd, Ss, Gd, Ss, Gd, Gd, Gd, Gd
Gd, Gd, Ds, Ds, Ds, Gd, Gd, Gd, Gd, Ds, Gd, Ss, Gd, Gd, Gd, Gd, Ss, Ss, Gd, Gd, Gd, Gd, Gd, Gd, Ds, Ds, Ds, Ss, Gd, Gd, Gd, Gd, Ss, Gd, Gd, Gd, Gd, Gd, Ss, Ss, Gd, Ss, Ss, Ss, Gd, Gd
Gd, Ss, Gd, Gd, Gd, Ds, Ss, Gd, Gd, Ss, Ss, Gd, Gd, Gd, Ds, Ss, Ss, Gd, Gd, Gd, Gd, Gd, Gd, Gd, Ss, Ds, Gd, Gd, Gd, Ss, Ds, Gd, Gd, Ss, Gd, Gd, Gd, Gd, Ds, Gd, Gd, Ss, Gd, Ss, Gd, Gd
Gd, Ss, Ss, Gd, Gd, Ss, Ss, Gd, Gd, Gd, Gd, Ss, Ss, Gd, Gd, Gd, Gd, Gd, Gd, Gd, Gd, Gd, Gd, Gd, Ds, Gd, Gd, Ss, Ss, Ss, Gd, Gd, Gd, Ds, Ss, Gd, Gd, Gd, Gd, Ds, Gd, Gd, Ss, Gd, Gd, Gd
Gd, Ds, Ss, Gd, Ds, Ss, Ss, Gd, Ds, Ds, Gd, Gd, Gd, Ss, Gd, Gd, Gd, Ds, Ds, Gd, Gd, Gd, Gd, Gd, Ds, Ds, Gd, Ss, Gd, Gd, Gd, Gd, Ss, Ss, Ss, Ss, Gd, Gd, Gd, Gd, Gd, Gd, Ss, Gd, Gd, Gd
Gd, Gd, Gd, Gd, Ds, Gd, Ss, Ds, Ds, Ss, Ss, Gd, Gd, Gd, Ds, Gd, Gd, Gd, Gd, Gd, Ds, Ds, Gd, Gd, Gd, Ds, Ds, Ss, Gd, Gd, Ss, Gd, Ds, Ss, Gd, Gd, Ss, Gd, Ds, Ds, Ss, Gd, Gd, Ss, Gd, Gd
Gd, Gd, Gd, Gd, Gd, Gd, Gd, Ss, Gd, Ss, Gd, Gd, Ss, Gd, Ds, Ds, Ds, Gd, Ss, Gd, Ss, Ds, Gd, Gd, Gd, Gd, Ds, Ss, Gd, Ss, Gd, Ds, Gd, Ds, Gd, Gd, Gd, Ss, Gd, Ss, Gd, Ss, Gd, Ss, Gd, Gd
Gd, Ds, Ds, Gd, Gd, Gd, Gd, Gd, Gd, Gd, Gd, Ss, Ss, Ss, Gd, Ds, Gd, Ss, Gd, Ss, Gd, Ds, Gd, Gd, Gd, Ds, Gd, Ss, Gd, Ss, Ds, Ss, Ss, Ss, Gd, Gd, Gd, Gd, Gd, Gd, Gd, Gd, Gd, Gd, Gd, Gd
Gd, Gd, Gd, Gd, Ss, Gd, Gd, Gd, Gd, Gd, Ds, Gd, Gd, Gd, Gd, Gd, Gd, Ds, Gd, Gd, Gd, Ds, Gd, Gd, Gd, Gd, Gd, Gd, Gd, Ss, Ds, Gd, Ss, Ss, Ss, Gd, Ds, Gd, Gd, Gd, Gd, 2 Ds, Gd, Gd, Gd, Gd
Gd, Gd, Gd, Gd, Ds, Gd, Ss, Gd, Ss, Ds, Gd, Ds, Gd, Gd, Gd, Gd, Ds, Ds, Ds, Gd, Gd, Ds, Gd, Gd, Gd, Gd, Ss, Gd, Ds, Ds, Ss, Ds, Ss, Gd, Ss, Gd, Gd, Ds, Ds, Gd, Ss, Gd, Gd, Gd, Gd, Gd
Gd, Gd, Gd, Gd, Ds, Ss, Gd, Ss, Gd, Gd, Ds, Ds, Ds, Gd, Gd, Gd, Gd, Gd, Gd, Gd, Gd, Ds, Ds, Gd, Gd, Ds, Ds, Ds, Gd, Gd, Gd, Gd, Gd, Ss, Gd, Gd, Gd, Gd, Ds, Ss, Gd, Ss, Gd, Gd, Gd, Gd
Gd, Gd, Gd, Gd, Gd, Gd, Gd, Gd, Gd, Gd, Gd, Gd, Gd, Gd, Gd, Gd, Gd, Gd, Gd, Gd, Gd, Gd, Gd, Ds, Gd, Gd, Gd, Gd, Gd, Gd, Gd, Gd, Gd, Gd, Gd, Gd, Gd, Gd, Ss, Gd, Gd, Gd, Gd, Gd, Gd, Gd
